Command line invocation:
    /Applications/Xcode.app/Contents/Developer/usr/bin/xcodebuild -scheme CheerComCaluculatorApp -project CheerComCaluculatorApp.xcodeproj -sdk iphonesimulator -destination "generic/platform=iOS Simulator" clean build

Build settings from command line:
    SDKROOT = iphonesimulator26.4

CreateBuildRequest

SendProjectDescription

CreateBuildOperation

** CLEAN SUCCEEDED **

ComputePackagePrebuildTargetDependencyGraph

Prepare packages

CreateBuildRequest

SendProjectDescription

CreateBuildOperation

ComputeTargetDependencyGraph
note: Building targets in dependency order
note: Target dependency graph (1 target)
    Target 'CheerComCaluculatorApp' in project 'CheerComCaluculatorApp' (no dependencies)

GatherProvisioningInputs

CreateBuildDescription

ExecuteExternalTool /Applications/Xcode.app/Contents/Developer/Toolchains/XcodeDefault.xctoolchain/usr/bin/clang -v -E -dM -isysroot /Applications/Xcode.app/Contents/Developer/Platforms/iPhoneSimulator.platform/Developer/SDKs/iPhoneSimulator26.4.sdk -x c -c /dev/null

ExecuteExternalTool /Applications/Xcode.app/Contents/Developer/usr/bin/ibtool --version --output-format xml1

ExecuteExternalTool /Applications/Xcode.app/Contents/Developer/usr/bin/actool --print-asset-tag-combinations --output-format xml1 /Users/ianrichardson/Projects/CheerCOM/CheerComCaluculatorApp/CheerComCaluculatorApp/Assets.xcassets

ExecuteExternalTool /Applications/Xcode.app/Contents/Developer/usr/bin/actool --version --output-format xml1

ExecuteExternalTool /Applications/Xcode.app/Contents/Developer/Toolchains/XcodeDefault.xctoolchain/usr/bin/swiftc --version

ExecuteExternalTool /Applications/Xcode.app/Contents/Developer/Toolchains/XcodeDefault.xctoolchain/usr/bin/ld -version_details

Build description signature: 9985fc4cbc2bee620d8bf9dd4d5826e4
Build description path: /Users/ianrichardson/Library/Developer/Xcode/DerivedData/CheerComCaluculatorApp-biiqbudqzpcsjecvrroiumyrfbwm/Build/Intermediates.noindex/XCBuildData/9985fc4cbc2bee620d8bf9dd4d5826e4.xcbuilddata
ClangStatCache /Applications/Xcode.app/Contents/Developer/Toolchains/XcodeDefault.xctoolchain/usr/bin/clang-stat-cache /Applications/Xcode.app/Contents/Developer/Platforms/iPhoneSimulator.platform/Developer/SDKs/iPhoneSimulator26.4.sdk /Users/ianrichardson/Library/Developer/Xcode/DerivedData/SDKStatCaches.noindex/iphonesimulator26.4-23E237-688ef53f1462e2c8f657fdc38a81448f686eebb5dc1d8ecb277353a59184f4aa.sdkstatcache
    cd /Users/ianrichardson/Projects/CheerCOM/CheerComCaluculatorApp/CheerComCaluculatorApp.xcodeproj
    /Applications/Xcode.app/Contents/Developer/Toolchains/XcodeDefault.xctoolchain/usr/bin/clang-stat-cache /Applications/Xcode.app/Contents/Developer/Platforms/iPhoneSimulator.platform/Developer/SDKs/iPhoneSimulator26.4.sdk -o /Users/ianrichardson/Library/Developer/Xcode/DerivedData/SDKStatCaches.noindex/iphonesimulator26.4-23E237-688ef53f1462e2c8f657fdc38a81448f686eebb5dc1d8ecb277353a59184f4aa.sdkstatcache

CreateBuildDirectory /Users/ianrichardson/Library/Developer/Xcode/DerivedData/CheerComCaluculatorApp-biiqbudqzpcsjecvrroiumyrfbwm/Build/Products
    cd /Users/ianrichardson/Projects/CheerCOM/CheerComCaluculatorApp/CheerComCaluculatorApp.xcodeproj
    builtin-create-build-directory /Users/ianrichardson/Library/Developer/Xcode/DerivedData/CheerComCaluculatorApp-biiqbudqzpcsjecvrroiumyrfbwm/Build/Products

CreateBuildDirectory /Users/ianrichardson/Library/Developer/Xcode/DerivedData/CheerComCaluculatorApp-biiqbudqzpcsjecvrroiumyrfbwm/Build/Intermediates.noindex
    cd /Users/ianrichardson/Projects/CheerCOM/CheerComCaluculatorApp/CheerComCaluculatorApp.xcodeproj
    builtin-create-build-directory /Users/ianrichardson/Library/Developer/Xcode/DerivedData/CheerComCaluculatorApp-biiqbudqzpcsjecvrroiumyrfbwm/Build/Intermediates.noindex

CreateBuildDirectory /Users/ianrichardson/Library/Developer/Xcode/DerivedData/CheerComCaluculatorApp-biiqbudqzpcsjecvrroiumyrfbwm/Build/Intermediates.noindex/SwiftExplicitPrecompiledModules
    cd /Users/ianrichardson/Projects/CheerCOM/CheerComCaluculatorApp/CheerComCaluculatorApp.xcodeproj
    builtin-create-build-directory /Users/ianrichardson/Library/Developer/Xcode/DerivedData/CheerComCaluculatorApp-biiqbudqzpcsjecvrroiumyrfbwm/Build/Intermediates.noindex/SwiftExplicitPrecompiledModules

CreateBuildDirectory /Users/ianrichardson/Library/Developer/Xcode/DerivedData/CheerComCaluculatorApp-biiqbudqzpcsjecvrroiumyrfbwm/Build/Products/Debug-iphonesimulator
    cd /Users/ianrichardson/Projects/CheerCOM/CheerComCaluculatorApp/CheerComCaluculatorApp.xcodeproj
    builtin-create-build-directory /Users/ianrichardson/Library/Developer/Xcode/DerivedData/CheerComCaluculatorApp-biiqbudqzpcsjecvrroiumyrfbwm/Build/Products/Debug-iphonesimulator

CreateBuildDirectory /Users/ianrichardson/Library/Developer/Xcode/DerivedData/CheerComCaluculatorApp-biiqbudqzpcsjecvrroiumyrfbwm/Build/Intermediates.noindex/ExplicitPrecompiledModules
    cd /Users/ianrichardson/Projects/CheerCOM/CheerComCaluculatorApp/CheerComCaluculatorApp.xcodeproj
    builtin-create-build-directory /Users/ianrichardson/Library/Developer/Xcode/DerivedData/CheerComCaluculatorApp-biiqbudqzpcsjecvrroiumyrfbwm/Build/Intermediates.noindex/ExplicitPrecompiledModules

CreateBuildDirectory /Users/ianrichardson/Library/Developer/Xcode/DerivedData/CheerComCaluculatorApp-biiqbudqzpcsjecvrroiumyrfbwm/Build/Intermediates.noindex/EagerLinkingTBDs/Debug-iphonesimulator
    cd /Users/ianrichardson/Projects/CheerCOM/CheerComCaluculatorApp/CheerComCaluculatorApp.xcodeproj
    builtin-create-build-directory /Users/ianrichardson/Library/Developer/Xcode/DerivedData/CheerComCaluculatorApp-biiqbudqzpcsjecvrroiumyrfbwm/Build/Intermediates.noindex/EagerLinkingTBDs/Debug-iphonesimulator

WriteAuxiliaryFile /Users/ianrichardson/Library/Developer/Xcode/DerivedData/CheerComCaluculatorApp-biiqbudqzpcsjecvrroiumyrfbwm/Build/Intermediates.noindex/CheerComCaluculatorApp.build/Debug-iphonesimulator/CheerComCaluculatorApp-6b575a74de0189993f6d761566ec613e-VFS-iphonesimulator/all-product-headers.yaml
    cd /Users/ianrichardson/Projects/CheerCOM/CheerComCaluculatorApp/CheerComCaluculatorApp.xcodeproj
    write-file /Users/ianrichardson/Library/Developer/Xcode/DerivedData/CheerComCaluculatorApp-biiqbudqzpcsjecvrroiumyrfbwm/Build/Intermediates.noindex/CheerComCaluculatorApp.build/Debug-iphonesimulator/CheerComCaluculatorApp-6b575a74de0189993f6d761566ec613e-VFS-iphonesimulator/all-product-headers.yaml

WriteAuxiliaryFile /Users/ianrichardson/Library/Developer/Xcode/DerivedData/CheerComCaluculatorApp-biiqbudqzpcsjecvrroiumyrfbwm/Build/Intermediates.noindex/CheerComCaluculatorApp.build/Debug-iphonesimulator/CheerComCaluculatorApp.build/CheerComCaluculatorApp.hmap (in target 'CheerComCaluculatorApp' from project 'CheerComCaluculatorApp')
    cd /Users/ianrichardson/Projects/CheerCOM/CheerComCaluculatorApp
    write-file /Users/ianrichardson/Library/Developer/Xcode/DerivedData/CheerComCaluculatorApp-biiqbudqzpcsjecvrroiumyrfbwm/Build/Intermediates.noindex/CheerComCaluculatorApp.build/Debug-iphonesimulator/CheerComCaluculatorApp.build/CheerComCaluculatorApp.hmap

WriteAuxiliaryFile /Users/ianrichardson/Library/Developer/Xcode/DerivedData/CheerComCaluculatorApp-biiqbudqzpcsjecvrroiumyrfbwm/Build/Intermediates.noindex/CheerComCaluculatorApp.build/Debug-iphonesimulator/CheerComCaluculatorApp.build/CheerComCaluculatorApp-project-headers.hmap (in target 'CheerComCaluculatorApp' from project 'CheerComCaluculatorApp')
    cd /Users/ianrichardson/Projects/CheerCOM/CheerComCaluculatorApp
    write-file /Users/ianrichardson/Library/Developer/Xcode/DerivedData/CheerComCaluculatorApp-biiqbudqzpcsjecvrroiumyrfbwm/Build/Intermediates.noindex/CheerComCaluculatorApp.build/Debug-iphonesimulator/CheerComCaluculatorApp.build/CheerComCaluculatorApp-project-headers.hmap

WriteAuxiliaryFile /Users/ianrichardson/Library/Developer/Xcode/DerivedData/CheerComCaluculatorApp-biiqbudqzpcsjecvrroiumyrfbwm/Build/Intermediates.noindex/CheerComCaluculatorApp.build/Debug-iphonesimulator/CheerComCaluculatorApp.build/CheerComCaluculatorApp-all-non-framework-target-headers.hmap (in target 'CheerComCaluculatorApp' from project 'CheerComCaluculatorApp')
    cd /Users/ianrichardson/Projects/CheerCOM/CheerComCaluculatorApp
    write-file /Users/ianrichardson/Library/Developer/Xcode/DerivedData/CheerComCaluculatorApp-biiqbudqzpcsjecvrroiumyrfbwm/Build/Intermediates.noindex/CheerComCaluculatorApp.build/Debug-iphonesimulator/CheerComCaluculatorApp.build/CheerComCaluculatorApp-all-non-framework-target-headers.hmap

WriteAuxiliaryFile /Users/ianrichardson/Library/Developer/Xcode/DerivedData/CheerComCaluculatorApp-biiqbudqzpcsjecvrroiumyrfbwm/Build/Intermediates.noindex/CheerComCaluculatorApp.build/Debug-iphonesimulator/CheerComCaluculatorApp.build/CheerComCaluculatorApp-generated-files.hmap (in target 'CheerComCaluculatorApp' from project 'CheerComCaluculatorApp')
    cd /Users/ianrichardson/Projects/CheerCOM/CheerComCaluculatorApp
    write-file /Users/ianrichardson/Library/Developer/Xcode/DerivedData/CheerComCaluculatorApp-biiqbudqzpcsjecvrroiumyrfbwm/Build/Intermediates.noindex/CheerComCaluculatorApp.build/Debug-iphonesimulator/CheerComCaluculatorApp.build/CheerComCaluculatorApp-generated-files.hmap

WriteAuxiliaryFile /Users/ianrichardson/Library/Developer/Xcode/DerivedData/CheerComCaluculatorApp-biiqbudqzpcsjecvrroiumyrfbwm/Build/Intermediates.noindex/CheerComCaluculatorApp.build/Debug-iphonesimulator/CheerComCaluculatorApp.build/CheerComCaluculatorApp-DebugDylibPath-normal-x86_64.txt (in target 'CheerComCaluculatorApp' from project 'CheerComCaluculatorApp')
    cd /Users/ianrichardson/Projects/CheerCOM/CheerComCaluculatorApp
    write-file /Users/ianrichardson/Library/Developer/Xcode/DerivedData/CheerComCaluculatorApp-biiqbudqzpcsjecvrroiumyrfbwm/Build/Intermediates.noindex/CheerComCaluculatorApp.build/Debug-iphonesimulator/CheerComCaluculatorApp.build/CheerComCaluculatorApp-DebugDylibPath-normal-x86_64.txt

WriteAuxiliaryFile /Users/ianrichardson/Library/Developer/Xcode/DerivedData/CheerComCaluculatorApp-biiqbudqzpcsjecvrroiumyrfbwm/Build/Intermediates.noindex/CheerComCaluculatorApp.build/Debug-iphonesimulator/CheerComCaluculatorApp.build/CheerComCaluculatorApp-own-target-headers.hmap (in target 'CheerComCaluculatorApp' from project 'CheerComCaluculatorApp')
    cd /Users/ianrichardson/Projects/CheerCOM/CheerComCaluculatorApp
    write-file /Users/ianrichardson/Library/Developer/Xcode/DerivedData/CheerComCaluculatorApp-biiqbudqzpcsjecvrroiumyrfbwm/Build/Intermediates.noindex/CheerComCaluculatorApp.build/Debug-iphonesimulator/CheerComCaluculatorApp.build/CheerComCaluculatorApp-own-target-headers.hmap

WriteAuxiliaryFile /Users/ianrichardson/Library/Developer/Xcode/DerivedData/CheerComCaluculatorApp-biiqbudqzpcsjecvrroiumyrfbwm/Build/Intermediates.noindex/CheerComCaluculatorApp.build/Debug-iphonesimulator/CheerComCaluculatorApp.build/CheerComCaluculatorApp-DebugDylibPath-normal-arm64.txt (in target 'CheerComCaluculatorApp' from project 'CheerComCaluculatorApp')
    cd /Users/ianrichardson/Projects/CheerCOM/CheerComCaluculatorApp
    write-file /Users/ianrichardson/Library/Developer/Xcode/DerivedData/CheerComCaluculatorApp-biiqbudqzpcsjecvrroiumyrfbwm/Build/Intermediates.noindex/CheerComCaluculatorApp.build/Debug-iphonesimulator/CheerComCaluculatorApp.build/CheerComCaluculatorApp-DebugDylibPath-normal-arm64.txt

WriteAuxiliaryFile /Users/ianrichardson/Library/Developer/Xcode/DerivedData/CheerComCaluculatorApp-biiqbudqzpcsjecvrroiumyrfbwm/Build/Intermediates.noindex/CheerComCaluculatorApp.build/Debug-iphonesimulator/CheerComCaluculatorApp.build/CheerComCaluculatorApp.DependencyStaticMetadataFileList (in target 'CheerComCaluculatorApp' from project 'CheerComCaluculatorApp')
    cd /Users/ianrichardson/Projects/CheerCOM/CheerComCaluculatorApp
    write-file /Users/ianrichardson/Library/Developer/Xcode/DerivedData/CheerComCaluculatorApp-biiqbudqzpcsjecvrroiumyrfbwm/Build/Intermediates.noindex/CheerComCaluculatorApp.build/Debug-iphonesimulator/CheerComCaluculatorApp.build/CheerComCaluculatorApp.DependencyStaticMetadataFileList

WriteAuxiliaryFile /Users/ianrichardson/Library/Developer/Xcode/DerivedData/CheerComCaluculatorApp-biiqbudqzpcsjecvrroiumyrfbwm/Build/Intermediates.noindex/CheerComCaluculatorApp.build/Debug-iphonesimulator/CheerComCaluculatorApp.build/CheerComCaluculatorApp-all-target-headers.hmap (in target 'CheerComCaluculatorApp' from project 'CheerComCaluculatorApp')
    cd /Users/ianrichardson/Projects/CheerCOM/CheerComCaluculatorApp
    write-file /Users/ianrichardson/Library/Developer/Xcode/DerivedData/CheerComCaluculatorApp-biiqbudqzpcsjecvrroiumyrfbwm/Build/Intermediates.noindex/CheerComCaluculatorApp.build/Debug-iphonesimulator/CheerComCaluculatorApp.build/CheerComCaluculatorApp-all-target-headers.hmap

WriteAuxiliaryFile /Users/ianrichardson/Library/Developer/Xcode/DerivedData/CheerComCaluculatorApp-biiqbudqzpcsjecvrroiumyrfbwm/Build/Intermediates.noindex/CheerComCaluculatorApp.build/Debug-iphonesimulator/CheerComCaluculatorApp.build/CheerComCaluculatorApp.DependencyMetadataFileList (in target 'CheerComCaluculatorApp' from project 'CheerComCaluculatorApp')
    cd /Users/ianrichardson/Projects/CheerCOM/CheerComCaluculatorApp
    write-file /Users/ianrichardson/Library/Developer/Xcode/DerivedData/CheerComCaluculatorApp-biiqbudqzpcsjecvrroiumyrfbwm/Build/Intermediates.noindex/CheerComCaluculatorApp.build/Debug-iphonesimulator/CheerComCaluculatorApp.build/CheerComCaluculatorApp.DependencyMetadataFileList

WriteAuxiliaryFile /Users/ianrichardson/Library/Developer/Xcode/DerivedData/CheerComCaluculatorApp-biiqbudqzpcsjecvrroiumyrfbwm/Build/Intermediates.noindex/CheerComCaluculatorApp.build/Debug-iphonesimulator/CheerComCaluculatorApp.build/CheerComCaluculatorApp-DebugDylibInstallName-normal-x86_64.txt (in target 'CheerComCaluculatorApp' from project 'CheerComCaluculatorApp')
    cd /Users/ianrichardson/Projects/CheerCOM/CheerComCaluculatorApp
    write-file /Users/ianrichardson/Library/Developer/Xcode/DerivedData/CheerComCaluculatorApp-biiqbudqzpcsjecvrroiumyrfbwm/Build/Intermediates.noindex/CheerComCaluculatorApp.build/Debug-iphonesimulator/CheerComCaluculatorApp.build/CheerComCaluculatorApp-DebugDylibInstallName-normal-x86_64.txt

WriteAuxiliaryFile /Users/ianrichardson/Library/Developer/Xcode/DerivedData/CheerComCaluculatorApp-biiqbudqzpcsjecvrroiumyrfbwm/Build/Intermediates.noindex/CheerComCaluculatorApp.build/Debug-iphonesimulator/CheerComCaluculatorApp.build/CheerComCaluculatorApp-DebugDylibInstallName-normal-arm64.txt (in target 'CheerComCaluculatorApp' from project 'CheerComCaluculatorApp')
    cd /Users/ianrichardson/Projects/CheerCOM/CheerComCaluculatorApp
    write-file /Users/ianrichardson/Library/Developer/Xcode/DerivedData/CheerComCaluculatorApp-biiqbudqzpcsjecvrroiumyrfbwm/Build/Intermediates.noindex/CheerComCaluculatorApp.build/Debug-iphonesimulator/CheerComCaluculatorApp.build/CheerComCaluculatorApp-DebugDylibInstallName-normal-arm64.txt

WriteAuxiliaryFile /Users/ianrichardson/Library/Developer/Xcode/DerivedData/CheerComCaluculatorApp-biiqbudqzpcsjecvrroiumyrfbwm/Build/Intermediates.noindex/CheerComCaluculatorApp.build/Debug-iphonesimulator/CheerComCaluculatorApp.build/DerivedSources/Entitlements-Simulated.plist (in target 'CheerComCaluculatorApp' from project 'CheerComCaluculatorApp')
    cd /Users/ianrichardson/Projects/CheerCOM/CheerComCaluculatorApp
    write-file /Users/ianrichardson/Library/Developer/Xcode/DerivedData/CheerComCaluculatorApp-biiqbudqzpcsjecvrroiumyrfbwm/Build/Intermediates.noindex/CheerComCaluculatorApp.build/Debug-iphonesimulator/CheerComCaluculatorApp.build/DerivedSources/Entitlements-Simulated.plist

WriteAuxiliaryFile /Users/ianrichardson/Library/Developer/Xcode/DerivedData/CheerComCaluculatorApp-biiqbudqzpcsjecvrroiumyrfbwm/Build/Intermediates.noindex/CheerComCaluculatorApp.build/Debug-iphonesimulator/CheerComCaluculatorApp.build/Objects-normal/x86_64/CheerComCaluculatorApp.SwiftFileList (in target 'CheerComCaluculatorApp' from project 'CheerComCaluculatorApp')
    cd /Users/ianrichardson/Projects/CheerCOM/CheerComCaluculatorApp
    write-file /Users/ianrichardson/Library/Developer/Xcode/DerivedData/CheerComCaluculatorApp-biiqbudqzpcsjecvrroiumyrfbwm/Build/Intermediates.noindex/CheerComCaluculatorApp.build/Debug-iphonesimulator/CheerComCaluculatorApp.build/Objects-normal/x86_64/CheerComCaluculatorApp.SwiftFileList

WriteAuxiliaryFile /Users/ianrichardson/Library/Developer/Xcode/DerivedData/CheerComCaluculatorApp-biiqbudqzpcsjecvrroiumyrfbwm/Build/Intermediates.noindex/CheerComCaluculatorApp.build/Debug-iphonesimulator/CheerComCaluculatorApp.build/Objects-normal/arm64/CheerComCaluculatorApp.SwiftFileList (in target 'CheerComCaluculatorApp' from project 'CheerComCaluculatorApp')
    cd /Users/ianrichardson/Projects/CheerCOM/CheerComCaluculatorApp
    write-file /Users/ianrichardson/Library/Developer/Xcode/DerivedData/CheerComCaluculatorApp-biiqbudqzpcsjecvrroiumyrfbwm/Build/Intermediates.noindex/CheerComCaluculatorApp.build/Debug-iphonesimulator/CheerComCaluculatorApp.build/Objects-normal/arm64/CheerComCaluculatorApp.SwiftFileList

WriteAuxiliaryFile /Users/ianrichardson/Library/Developer/Xcode/DerivedData/CheerComCaluculatorApp-biiqbudqzpcsjecvrroiumyrfbwm/Build/Intermediates.noindex/CheerComCaluculatorApp.build/Debug-iphonesimulator/CheerComCaluculatorApp.build/Objects-normal/arm64/CheerComCaluculatorApp.SwiftConstValuesFileList (in target 'CheerComCaluculatorApp' from project 'CheerComCaluculatorApp')
    cd /Users/ianrichardson/Projects/CheerCOM/CheerComCaluculatorApp
    write-file /Users/ianrichardson/Library/Developer/Xcode/DerivedData/CheerComCaluculatorApp-biiqbudqzpcsjecvrroiumyrfbwm/Build/Intermediates.noindex/CheerComCaluculatorApp.build/Debug-iphonesimulator/CheerComCaluculatorApp.build/Objects-normal/arm64/CheerComCaluculatorApp.SwiftConstValuesFileList

WriteAuxiliaryFile /Users/ianrichardson/Library/Developer/Xcode/DerivedData/CheerComCaluculatorApp-biiqbudqzpcsjecvrroiumyrfbwm/Build/Intermediates.noindex/CheerComCaluculatorApp.build/Debug-iphonesimulator/CheerComCaluculatorApp.build/Objects-normal/arm64/CheerComCaluculatorApp_const_extract_protocols.json (in target 'CheerComCaluculatorApp' from project 'CheerComCaluculatorApp')
    cd /Users/ianrichardson/Projects/CheerCOM/CheerComCaluculatorApp
    write-file /Users/ianrichardson/Library/Developer/Xcode/DerivedData/CheerComCaluculatorApp-biiqbudqzpcsjecvrroiumyrfbwm/Build/Intermediates.noindex/CheerComCaluculatorApp.build/Debug-iphonesimulator/CheerComCaluculatorApp.build/Objects-normal/arm64/CheerComCaluculatorApp_const_extract_protocols.json

WriteAuxiliaryFile /Users/ianrichardson/Library/Developer/Xcode/DerivedData/CheerComCaluculatorApp-biiqbudqzpcsjecvrroiumyrfbwm/Build/Intermediates.noindex/CheerComCaluculatorApp.build/Debug-iphonesimulator/CheerComCaluculatorApp.build/Objects-normal/arm64/CheerComCaluculatorApp.LinkFileList (in target 'CheerComCaluculatorApp' from project 'CheerComCaluculatorApp')
    cd /Users/ianrichardson/Projects/CheerCOM/CheerComCaluculatorApp
    write-file /Users/ianrichardson/Library/Developer/Xcode/DerivedData/CheerComCaluculatorApp-biiqbudqzpcsjecvrroiumyrfbwm/Build/Intermediates.noindex/CheerComCaluculatorApp.build/Debug-iphonesimulator/CheerComCaluculatorApp.build/Objects-normal/arm64/CheerComCaluculatorApp.LinkFileList

WriteAuxiliaryFile /Users/ianrichardson/Library/Developer/Xcode/DerivedData/CheerComCaluculatorApp-biiqbudqzpcsjecvrroiumyrfbwm/Build/Intermediates.noindex/CheerComCaluculatorApp.build/Debug-iphonesimulator/CheerComCaluculatorApp.build/Objects-normal/x86_64/CheerComCaluculatorApp.LinkFileList (in target 'CheerComCaluculatorApp' from project 'CheerComCaluculatorApp')
    cd /Users/ianrichardson/Projects/CheerCOM/CheerComCaluculatorApp
    write-file /Users/ianrichardson/Library/Developer/Xcode/DerivedData/CheerComCaluculatorApp-biiqbudqzpcsjecvrroiumyrfbwm/Build/Intermediates.noindex/CheerComCaluculatorApp.build/Debug-iphonesimulator/CheerComCaluculatorApp.build/Objects-normal/x86_64/CheerComCaluculatorApp.LinkFileList

WriteAuxiliaryFile /Users/ianrichardson/Library/Developer/Xcode/DerivedData/CheerComCaluculatorApp-biiqbudqzpcsjecvrroiumyrfbwm/Build/Intermediates.noindex/CheerComCaluculatorApp.build/Debug-iphonesimulator/CheerComCaluculatorApp.build/Objects-normal/arm64/CheerComCaluculatorApp-OutputFileMap.json (in target 'CheerComCaluculatorApp' from project 'CheerComCaluculatorApp')
    cd /Users/ianrichardson/Projects/CheerCOM/CheerComCaluculatorApp
    write-file /Users/ianrichardson/Library/Developer/Xcode/DerivedData/CheerComCaluculatorApp-biiqbudqzpcsjecvrroiumyrfbwm/Build/Intermediates.noindex/CheerComCaluculatorApp.build/Debug-iphonesimulator/CheerComCaluculatorApp.build/Objects-normal/arm64/CheerComCaluculatorApp-OutputFileMap.json

WriteAuxiliaryFile /Users/ianrichardson/Library/Developer/Xcode/DerivedData/CheerComCaluculatorApp-biiqbudqzpcsjecvrroiumyrfbwm/Build/Intermediates.noindex/CheerComCaluculatorApp.build/Debug-iphonesimulator/CheerComCaluculatorApp.build/Objects-normal/x86_64/CheerComCaluculatorApp-OutputFileMap.json (in target 'CheerComCaluculatorApp' from project 'CheerComCaluculatorApp')
    cd /Users/ianrichardson/Projects/CheerCOM/CheerComCaluculatorApp
    write-file /Users/ianrichardson/Library/Developer/Xcode/DerivedData/CheerComCaluculatorApp-biiqbudqzpcsjecvrroiumyrfbwm/Build/Intermediates.noindex/CheerComCaluculatorApp.build/Debug-iphonesimulator/CheerComCaluculatorApp.build/Objects-normal/x86_64/CheerComCaluculatorApp-OutputFileMap.json

MkDir /Users/ianrichardson/Library/Developer/Xcode/DerivedData/CheerComCaluculatorApp-biiqbudqzpcsjecvrroiumyrfbwm/Build/Products/Debug-iphonesimulator/CheerComCaluculatorApp.app (in target 'CheerComCaluculatorApp' from project 'CheerComCaluculatorApp')
    cd /Users/ianrichardson/Projects/CheerCOM/CheerComCaluculatorApp
    /bin/mkdir -p /Users/ianrichardson/Library/Developer/Xcode/DerivedData/CheerComCaluculatorApp-biiqbudqzpcsjecvrroiumyrfbwm/Build/Products/Debug-iphonesimulator/CheerComCaluculatorApp.app

WriteAuxiliaryFile /Users/ianrichardson/Library/Developer/Xcode/DerivedData/CheerComCaluculatorApp-biiqbudqzpcsjecvrroiumyrfbwm/Build/Intermediates.noindex/CheerComCaluculatorApp.build/Debug-iphonesimulator/CheerComCaluculatorApp.build/Objects-normal/x86_64/CheerComCaluculatorApp_const_extract_protocols.json (in target 'CheerComCaluculatorApp' from project 'CheerComCaluculatorApp')
    cd /Users/ianrichardson/Projects/CheerCOM/CheerComCaluculatorApp
    write-file /Users/ianrichardson/Library/Developer/Xcode/DerivedData/CheerComCaluculatorApp-biiqbudqzpcsjecvrroiumyrfbwm/Build/Intermediates.noindex/CheerComCaluculatorApp.build/Debug-iphonesimulator/CheerComCaluculatorApp.build/Objects-normal/x86_64/CheerComCaluculatorApp_const_extract_protocols.json

WriteAuxiliaryFile /Users/ianrichardson/Library/Developer/Xcode/DerivedData/CheerComCaluculatorApp-biiqbudqzpcsjecvrroiumyrfbwm/Build/Intermediates.noindex/CheerComCaluculatorApp.build/Debug-iphonesimulator/CheerComCaluculatorApp.build/Objects-normal/x86_64/CheerComCaluculatorApp.SwiftConstValuesFileList (in target 'CheerComCaluculatorApp' from project 'CheerComCaluculatorApp')
    cd /Users/ianrichardson/Projects/CheerCOM/CheerComCaluculatorApp
    write-file /Users/ianrichardson/Library/Developer/Xcode/DerivedData/CheerComCaluculatorApp-biiqbudqzpcsjecvrroiumyrfbwm/Build/Intermediates.noindex/CheerComCaluculatorApp.build/Debug-iphonesimulator/CheerComCaluculatorApp.build/Objects-normal/x86_64/CheerComCaluculatorApp.SwiftConstValuesFileList

ProcessProductPackaging "" /Users/ianrichardson/Library/Developer/Xcode/DerivedData/CheerComCaluculatorApp-biiqbudqzpcsjecvrroiumyrfbwm/Build/Intermediates.noindex/CheerComCaluculatorApp.build/Debug-iphonesimulator/CheerComCaluculatorApp.build/CheerComCaluculatorApp.app-Simulated.xcent (in target 'CheerComCaluculatorApp' from project 'CheerComCaluculatorApp')
    cd /Users/ianrichardson/Projects/CheerCOM/CheerComCaluculatorApp
    
    Entitlements:
    
    {
    "application-identifier" = "WC46K49VFA.com.IanRichardson.CheerComCaluculatorApp";
}
    
    builtin-productPackagingUtility -entitlements -format xml -o /Users/ianrichardson/Library/Developer/Xcode/DerivedData/CheerComCaluculatorApp-biiqbudqzpcsjecvrroiumyrfbwm/Build/Intermediates.noindex/CheerComCaluculatorApp.build/Debug-iphonesimulator/CheerComCaluculatorApp.build/CheerComCaluculatorApp.app-Simulated.xcent

ProcessProductPackagingDER /Users/ianrichardson/Library/Developer/Xcode/DerivedData/CheerComCaluculatorApp-biiqbudqzpcsjecvrroiumyrfbwm/Build/Intermediates.noindex/CheerComCaluculatorApp.build/Debug-iphonesimulator/CheerComCaluculatorApp.build/CheerComCaluculatorApp.app-Simulated.xcent /Users/ianrichardson/Library/Developer/Xcode/DerivedData/CheerComCaluculatorApp-biiqbudqzpcsjecvrroiumyrfbwm/Build/Intermediates.noindex/CheerComCaluculatorApp.build/Debug-iphonesimulator/CheerComCaluculatorApp.build/CheerComCaluculatorApp.app-Simulated.xcent.der (in target 'CheerComCaluculatorApp' from project 'CheerComCaluculatorApp')
    cd /Users/ianrichardson/Projects/CheerCOM/CheerComCaluculatorApp
    /usr/bin/derq query -f xml -i /Users/ianrichardson/Library/Developer/Xcode/DerivedData/CheerComCaluculatorApp-biiqbudqzpcsjecvrroiumyrfbwm/Build/Intermediates.noindex/CheerComCaluculatorApp.build/Debug-iphonesimulator/CheerComCaluculatorApp.build/CheerComCaluculatorApp.app-Simulated.xcent -o /Users/ianrichardson/Library/Developer/Xcode/DerivedData/CheerComCaluculatorApp-biiqbudqzpcsjecvrroiumyrfbwm/Build/Intermediates.noindex/CheerComCaluculatorApp.build/Debug-iphonesimulator/CheerComCaluculatorApp.build/CheerComCaluculatorApp.app-Simulated.xcent.der --raw

Copy SceneKit assets /Users/ianrichardson/Projects/CheerCOM/CheerComCaluculatorApp/CheerComCaluculatorApp/art.scnassets (in target 'CheerComCaluculatorApp' from project 'CheerComCaluculatorApp')
    cd /Users/ianrichardson/Projects/CheerCOM/CheerComCaluculatorApp
    /Applications/Xcode.app/Contents/Developer/usr/bin/copySceneKitAssets /Users/ianrichardson/Projects/CheerCOM/CheerComCaluculatorApp/CheerComCaluculatorApp/art.scnassets -o /Users/ianrichardson/Library/Developer/Xcode/DerivedData/CheerComCaluculatorApp-biiqbudqzpcsjecvrroiumyrfbwm/Build/Products/Debug-iphonesimulator/CheerComCaluculatorApp.app/art.scnassets --target-platform\=iphonesimulator --target-version\=26.0 --target-build-dir\=/Users/ianrichardson/Library/Developer/Xcode/DerivedData/CheerComCaluculatorApp-biiqbudqzpcsjecvrroiumyrfbwm/Build/Products/Debug-iphonesimulator --resources-folder-path\=CheerComCaluculatorApp.app
copySceneKitAssets: Copy character.dae
copySceneKitAssets: Running scntool on /Users/ianrichardson/Library/Developer/Xcode/DerivedData/CheerComCaluculatorApp-biiqbudqzpcsjecvrroiumyrfbwm/Build/Products/Debug-iphonesimulator/CheerComCaluculatorApp.app/art.scnassets/character.dae

GenerateAssetSymbols /Users/ianrichardson/Projects/CheerCOM/CheerComCaluculatorApp/CheerComCaluculatorApp/Assets.xcassets (in target 'CheerComCaluculatorApp' from project 'CheerComCaluculatorApp')
    cd /Users/ianrichardson/Projects/CheerCOM/CheerComCaluculatorApp
    /Applications/Xcode.app/Contents/Developer/usr/bin/actool /Users/ianrichardson/Projects/CheerCOM/CheerComCaluculatorApp/CheerComCaluculatorApp/Assets.xcassets --compile /Users/ianrichardson/Library/Developer/Xcode/DerivedData/CheerComCaluculatorApp-biiqbudqzpcsjecvrroiumyrfbwm/Build/Products/Debug-iphonesimulator/CheerComCaluculatorApp.app --output-format human-readable-text --notices --warnings --export-dependency-info /Users/ianrichardson/Library/Developer/Xcode/DerivedData/CheerComCaluculatorApp-biiqbudqzpcsjecvrroiumyrfbwm/Build/Intermediates.noindex/CheerComCaluculatorApp.build/Debug-iphonesimulator/CheerComCaluculatorApp.build/assetcatalog_dependencies --output-partial-info-plist /Users/ianrichardson/Library/Developer/Xcode/DerivedData/CheerComCaluculatorApp-biiqbudqzpcsjecvrroiumyrfbwm/Build/Intermediates.noindex/CheerComCaluculatorApp.build/Debug-iphonesimulator/CheerComCaluculatorApp.build/assetcatalog_generated_info.plist --app-icon AppIcon --accent-color AccentColor --compress-pngs --enable-on-demand-resources YES --development-region en --target-device iphone --target-device ipad --minimum-deployment-target 26.0 --platform iphonesimulator --bundle-identifier com.IanRichardson.CheerComCaluculatorApp --generate-swift-asset-symbols /Users/ianrichardson/Library/Developer/Xcode/DerivedData/CheerComCaluculatorApp-biiqbudqzpcsjecvrroiumyrfbwm/Build/Intermediates.noindex/CheerComCaluculatorApp.build/Debug-iphonesimulator/CheerComCaluculatorApp.build/DerivedSources/GeneratedAssetSymbols.swift --generate-objc-asset-symbols /Users/ianrichardson/Library/Developer/Xcode/DerivedData/CheerComCaluculatorApp-biiqbudqzpcsjecvrroiumyrfbwm/Build/Intermediates.noindex/CheerComCaluculatorApp.build/Debug-iphonesimulator/CheerComCaluculatorApp.build/DerivedSources/GeneratedAssetSymbols.h --generate-asset-symbol-index /Users/ianrichardson/Library/Developer/Xcode/DerivedData/CheerComCaluculatorApp-biiqbudqzpcsjecvrroiumyrfbwm/Build/Intermediates.noindex/CheerComCaluculatorApp.build/Debug-iphonesimulator/CheerComCaluculatorApp.build/DerivedSources/GeneratedAssetSymbols-Index.plist
/* com.apple.actool.compilation-results */
/Users/ianrichardson/Library/Developer/Xcode/DerivedData/CheerComCaluculatorApp-biiqbudqzpcsjecvrroiumyrfbwm/Build/Intermediates.noindex/CheerComCaluculatorApp.build/Debug-iphonesimulator/CheerComCaluculatorApp.build/DerivedSources/GeneratedAssetSymbols-Index.plist
/Users/ianrichardson/Library/Developer/Xcode/DerivedData/CheerComCaluculatorApp-biiqbudqzpcsjecvrroiumyrfbwm/Build/Intermediates.noindex/CheerComCaluculatorApp.build/Debug-iphonesimulator/CheerComCaluculatorApp.build/DerivedSources/GeneratedAssetSymbols.h
/Users/ianrichardson/Library/Developer/Xcode/DerivedData/CheerComCaluculatorApp-biiqbudqzpcsjecvrroiumyrfbwm/Build/Intermediates.noindex/CheerComCaluculatorApp.build/Debug-iphonesimulator/CheerComCaluculatorApp.build/DerivedSources/GeneratedAssetSymbols.swift


MkDir /Users/ianrichardson/Library/Developer/Xcode/DerivedData/CheerComCaluculatorApp-biiqbudqzpcsjecvrroiumyrfbwm/Build/Intermediates.noindex/CheerComCaluculatorApp.build/Debug-iphonesimulator/CheerComCaluculatorApp.build/assetcatalog_output/thinned (in target 'CheerComCaluculatorApp' from project 'CheerComCaluculatorApp')
    cd /Users/ianrichardson/Projects/CheerCOM/CheerComCaluculatorApp
    /bin/mkdir -p /Users/ianrichardson/Library/Developer/Xcode/DerivedData/CheerComCaluculatorApp-biiqbudqzpcsjecvrroiumyrfbwm/Build/Intermediates.noindex/CheerComCaluculatorApp.build/Debug-iphonesimulator/CheerComCaluculatorApp.build/assetcatalog_output/thinned

MkDir /Users/ianrichardson/Library/Developer/Xcode/DerivedData/CheerComCaluculatorApp-biiqbudqzpcsjecvrroiumyrfbwm/Build/Intermediates.noindex/CheerComCaluculatorApp.build/Debug-iphonesimulator/CheerComCaluculatorApp.build/assetcatalog_output/unthinned (in target 'CheerComCaluculatorApp' from project 'CheerComCaluculatorApp')
    cd /Users/ianrichardson/Projects/CheerCOM/CheerComCaluculatorApp
    /bin/mkdir -p /Users/ianrichardson/Library/Developer/Xcode/DerivedData/CheerComCaluculatorApp-biiqbudqzpcsjecvrroiumyrfbwm/Build/Intermediates.noindex/CheerComCaluculatorApp.build/Debug-iphonesimulator/CheerComCaluculatorApp.build/assetcatalog_output/unthinned

Ld /Users/ianrichardson/Library/Developer/Xcode/DerivedData/CheerComCaluculatorApp-biiqbudqzpcsjecvrroiumyrfbwm/Build/Intermediates.noindex/CheerComCaluculatorApp.build/Debug-iphonesimulator/CheerComCaluculatorApp.build/Objects-normal/x86_64/Binary/__preview.dylib normal x86_64 (in target 'CheerComCaluculatorApp' from project 'CheerComCaluculatorApp')
    cd /Users/ianrichardson/Projects/CheerCOM/CheerComCaluculatorApp
    /Applications/Xcode.app/Contents/Developer/Toolchains/XcodeDefault.xctoolchain/usr/bin/clang -Xlinker -reproducible -target x86_64-apple-ios26.0-simulator -dynamiclib -isysroot /Applications/Xcode.app/Contents/Developer/Platforms/iPhoneSimulator.platform/Developer/SDKs/iPhoneSimulator26.4.sdk -O0 -L/Users/ianrichardson/Library/Developer/Xcode/DerivedData/CheerComCaluculatorApp-biiqbudqzpcsjecvrroiumyrfbwm/Build/Products/Debug-iphonesimulator -F/Users/ianrichardson/Library/Developer/Xcode/DerivedData/CheerComCaluculatorApp-biiqbudqzpcsjecvrroiumyrfbwm/Build/Products/Debug-iphonesimulator -install_name @rpath/CheerComCaluculatorApp.debug.dylib -Xlinker -dead_strip -rdynamic -Xlinker -no_deduplicate -Xlinker -objc_abi_version -Xlinker 2 -Xlinker -dependency_info -Xlinker /Users/ianrichardson/Library/Developer/Xcode/DerivedData/CheerComCaluculatorApp-biiqbudqzpcsjecvrroiumyrfbwm/Build/Intermediates.noindex/CheerComCaluculatorApp.build/Debug-iphonesimulator/CheerComCaluculatorApp.build/Objects-normal/x86_64/CheerComCaluculatorApp_dependency_info.dat -Xlinker -sectcreate -Xlinker __TEXT -Xlinker __entitlements -Xlinker /Users/ianrichardson/Library/Developer/Xcode/DerivedData/CheerComCaluculatorApp-biiqbudqzpcsjecvrroiumyrfbwm/Build/Intermediates.noindex/CheerComCaluculatorApp.build/Debug-iphonesimulator/CheerComCaluculatorApp.build/CheerComCaluculatorApp.app-Simulated.xcent -Xlinker -sectcreate -Xlinker __TEXT -Xlinker __ents_der -Xlinker /Users/ianrichardson/Library/Developer/Xcode/DerivedData/CheerComCaluculatorApp-biiqbudqzpcsjecvrroiumyrfbwm/Build/Intermediates.noindex/CheerComCaluculatorApp.build/Debug-iphonesimulator/CheerComCaluculatorApp.build/CheerComCaluculatorApp.app-Simulated.xcent.der -Xlinker -no_adhoc_codesign -o /Users/ianrichardson/Library/Developer/Xcode/DerivedData/CheerComCaluculatorApp-biiqbudqzpcsjecvrroiumyrfbwm/Build/Intermediates.noindex/CheerComCaluculatorApp.build/Debug-iphonesimulator/CheerComCaluculatorApp.build/Objects-normal/x86_64/Binary/__preview.dylib

Ld /Users/ianrichardson/Library/Developer/Xcode/DerivedData/CheerComCaluculatorApp-biiqbudqzpcsjecvrroiumyrfbwm/Build/Intermediates.noindex/CheerComCaluculatorApp.build/Debug-iphonesimulator/CheerComCaluculatorApp.build/Objects-normal/arm64/Binary/__preview.dylib normal arm64 (in target 'CheerComCaluculatorApp' from project 'CheerComCaluculatorApp')
    cd /Users/ianrichardson/Projects/CheerCOM/CheerComCaluculatorApp
    /Applications/Xcode.app/Contents/Developer/Toolchains/XcodeDefault.xctoolchain/usr/bin/clang -Xlinker -reproducible -target arm64-apple-ios26.0-simulator -dynamiclib -isysroot /Applications/Xcode.app/Contents/Developer/Platforms/iPhoneSimulator.platform/Developer/SDKs/iPhoneSimulator26.4.sdk -O0 -L/Users/ianrichardson/Library/Developer/Xcode/DerivedData/CheerComCaluculatorApp-biiqbudqzpcsjecvrroiumyrfbwm/Build/Products/Debug-iphonesimulator -F/Users/ianrichardson/Library/Developer/Xcode/DerivedData/CheerComCaluculatorApp-biiqbudqzpcsjecvrroiumyrfbwm/Build/Products/Debug-iphonesimulator -install_name @rpath/CheerComCaluculatorApp.debug.dylib -Xlinker -dead_strip -rdynamic -Xlinker -no_deduplicate -Xlinker -objc_abi_version -Xlinker 2 -Xlinker -dependency_info -Xlinker /Users/ianrichardson/Library/Developer/Xcode/DerivedData/CheerComCaluculatorApp-biiqbudqzpcsjecvrroiumyrfbwm/Build/Intermediates.noindex/CheerComCaluculatorApp.build/Debug-iphonesimulator/CheerComCaluculatorApp.build/Objects-normal/arm64/CheerComCaluculatorApp_dependency_info.dat -Xlinker -sectcreate -Xlinker __TEXT -Xlinker __entitlements -Xlinker /Users/ianrichardson/Library/Developer/Xcode/DerivedData/CheerComCaluculatorApp-biiqbudqzpcsjecvrroiumyrfbwm/Build/Intermediates.noindex/CheerComCaluculatorApp.build/Debug-iphonesimulator/CheerComCaluculatorApp.build/CheerComCaluculatorApp.app-Simulated.xcent -Xlinker -sectcreate -Xlinker __TEXT -Xlinker __ents_der -Xlinker /Users/ianrichardson/Library/Developer/Xcode/DerivedData/CheerComCaluculatorApp-biiqbudqzpcsjecvrroiumyrfbwm/Build/Intermediates.noindex/CheerComCaluculatorApp.build/Debug-iphonesimulator/CheerComCaluculatorApp.build/CheerComCaluculatorApp.app-Simulated.xcent.der -Xlinker -no_adhoc_codesign -o /Users/ianrichardson/Library/Developer/Xcode/DerivedData/CheerComCaluculatorApp-biiqbudqzpcsjecvrroiumyrfbwm/Build/Intermediates.noindex/CheerComCaluculatorApp.build/Debug-iphonesimulator/CheerComCaluculatorApp.build/Objects-normal/arm64/Binary/__preview.dylib

CompileStoryboard /Users/ianrichardson/Projects/CheerCOM/CheerComCaluculatorApp/CheerComCaluculatorApp/Base.lproj/LaunchScreen.storyboard (in target 'CheerComCaluculatorApp' from project 'CheerComCaluculatorApp')
    cd /Users/ianrichardson/Projects/CheerCOM/CheerComCaluculatorApp
    /Applications/Xcode.app/Contents/Developer/usr/bin/ibtool --errors --warnings --notices --module CheerComCaluculatorApp --output-partial-info-plist /Users/ianrichardson/Library/Developer/Xcode/DerivedData/CheerComCaluculatorApp-biiqbudqzpcsjecvrroiumyrfbwm/Build/Intermediates.noindex/CheerComCaluculatorApp.build/Debug-iphonesimulator/CheerComCaluculatorApp.build/Base.lproj/LaunchScreen-SBPartialInfo.plist --auto-activate-custom-fonts --target-device iphone --target-device ipad --minimum-deployment-target 26.0 --output-format human-readable-text /Users/ianrichardson/Projects/CheerCOM/CheerComCaluculatorApp/CheerComCaluculatorApp/Base.lproj/LaunchScreen.storyboard --compilation-directory /Users/ianrichardson/Library/Developer/Xcode/DerivedData/CheerComCaluculatorApp-biiqbudqzpcsjecvrroiumyrfbwm/Build/Intermediates.noindex/CheerComCaluculatorApp.build/Debug-iphonesimulator/CheerComCaluculatorApp.build/Base.lproj

CompileAssetCatalogVariant thinned /Users/ianrichardson/Library/Developer/Xcode/DerivedData/CheerComCaluculatorApp-biiqbudqzpcsjecvrroiumyrfbwm/Build/Products/Debug-iphonesimulator/CheerComCaluculatorApp.app /Users/ianrichardson/Projects/CheerCOM/CheerComCaluculatorApp/CheerComCaluculatorApp/Assets.xcassets (in target 'CheerComCaluculatorApp' from project 'CheerComCaluculatorApp')
    cd /Users/ianrichardson/Projects/CheerCOM/CheerComCaluculatorApp
    /Applications/Xcode.app/Contents/Developer/usr/bin/actool /Users/ianrichardson/Projects/CheerCOM/CheerComCaluculatorApp/CheerComCaluculatorApp/Assets.xcassets --compile /Users/ianrichardson/Library/Developer/Xcode/DerivedData/CheerComCaluculatorApp-biiqbudqzpcsjecvrroiumyrfbwm/Build/Intermediates.noindex/CheerComCaluculatorApp.build/Debug-iphonesimulator/CheerComCaluculatorApp.build/assetcatalog_output/thinned --output-format human-readable-text --notices --warnings --export-dependency-info /Users/ianrichardson/Library/Developer/Xcode/DerivedData/CheerComCaluculatorApp-biiqbudqzpcsjecvrroiumyrfbwm/Build/Intermediates.noindex/CheerComCaluculatorApp.build/Debug-iphonesimulator/CheerComCaluculatorApp.build/assetcatalog_dependencies_thinned --output-partial-info-plist /Users/ianrichardson/Library/Developer/Xcode/DerivedData/CheerComCaluculatorApp-biiqbudqzpcsjecvrroiumyrfbwm/Build/Intermediates.noindex/CheerComCaluculatorApp.build/Debug-iphonesimulator/CheerComCaluculatorApp.build/assetcatalog_generated_info.plist_thinned --app-icon AppIcon --accent-color AccentColor --compress-pngs --enable-on-demand-resources YES --development-region en --target-device iphone --target-device ipad --minimum-deployment-target 26.0 --platform iphonesimulator

SwiftDriver CheerComCaluculatorApp normal x86_64 com.apple.xcode.tools.swift.compiler (in target 'CheerComCaluculatorApp' from project 'CheerComCaluculatorApp')
    cd /Users/ianrichardson/Projects/CheerCOM/CheerComCaluculatorApp
    builtin-SwiftDriver -- /Applications/Xcode.app/Contents/Developer/Toolchains/XcodeDefault.xctoolchain/usr/bin/swiftc -module-name CheerComCaluculatorApp -Onone @/Users/ianrichardson/Library/Developer/Xcode/DerivedData/CheerComCaluculatorApp-biiqbudqzpcsjecvrroiumyrfbwm/Build/Intermediates.noindex/CheerComCaluculatorApp.build/Debug-iphonesimulator/CheerComCaluculatorApp.build/Objects-normal/x86_64/CheerComCaluculatorApp.SwiftFileList -DDEBUG -default-isolation\=MainActor -enable-bare-slash-regex -enable-upcoming-feature DisableOutwardActorInference -enable-upcoming-feature InferSendableFromCaptures -enable-upcoming-feature GlobalActorIsolatedTypesUsability -enable-upcoming-feature MemberImportVisibility -enable-upcoming-feature InferIsolatedConformances -enable-upcoming-feature NonisolatedNonsendingByDefault -enable-experimental-feature DebugDescriptionMacro -sdk /Applications/Xcode.app/Contents/Developer/Platforms/iPhoneSimulator.platform/Developer/SDKs/iPhoneSimulator26.4.sdk -target x86_64-apple-ios26.0-simulator -g -module-cache-path /Users/ianrichardson/Library/Developer/Xcode/DerivedData/ModuleCache.noindex -Xfrontend -serialize-debugging-options -enable-testing -index-store-path /Users/ianrichardson/Library/Developer/Xcode/DerivedData/CheerComCaluculatorApp-biiqbudqzpcsjecvrroiumyrfbwm/Index.noindex/DataStore -Xcc -D_LIBCPP_HARDENING_MODE\=_LIBCPP_HARDENING_MODE_DEBUG -swift-version 5 -I /Users/ianrichardson/Library/Developer/Xcode/DerivedData/CheerComCaluculatorApp-biiqbudqzpcsjecvrroiumyrfbwm/Build/Products/Debug-iphonesimulator -F /Users/ianrichardson/Library/Developer/Xcode/DerivedData/CheerComCaluculatorApp-biiqbudqzpcsjecvrroiumyrfbwm/Build/Products/Debug-iphonesimulator -emit-localized-strings -emit-localized-strings-path /Users/ianrichardson/Library/Developer/Xcode/DerivedData/CheerComCaluculatorApp-biiqbudqzpcsjecvrroiumyrfbwm/Build/Intermediates.noindex/CheerComCaluculatorApp.build/Debug-iphonesimulator/CheerComCaluculatorApp.build/Objects-normal/x86_64 -c -j24 -enable-batch-mode -incremental -Xcc -ivfsstatcache -Xcc /Users/ianrichardson/Library/Developer/Xcode/DerivedData/SDKStatCaches.noindex/iphonesimulator26.4-23E237-688ef53f1462e2c8f657fdc38a81448f686eebb5dc1d8ecb277353a59184f4aa.sdkstatcache -output-file-map /Users/ianrichardson/Library/Developer/Xcode/DerivedData/CheerComCaluculatorApp-biiqbudqzpcsjecvrroiumyrfbwm/Build/Intermediates.noindex/CheerComCaluculatorApp.build/Debug-iphonesimulator/CheerComCaluculatorApp.build/Objects-normal/x86_64/CheerComCaluculatorApp-OutputFileMap.json -use-frontend-parseable-output -save-temps -no-color-diagnostics -explicit-module-build -module-cache-path /Users/ianrichardson/Library/Developer/Xcode/DerivedData/CheerComCaluculatorApp-biiqbudqzpcsjecvrroiumyrfbwm/Build/Intermediates.noindex/SwiftExplicitPrecompiledModules -clang-scanner-module-cache-path /Users/ianrichardson/Library/Developer/Xcode/DerivedData/ModuleCache.noindex -sdk-module-cache-path /Users/ianrichardson/Library/Developer/Xcode/DerivedData/ModuleCache.noindex -serialize-diagnostics -emit-dependencies -emit-module -emit-module-path /Users/ianrichardson/Library/Developer/Xcode/DerivedData/CheerComCaluculatorApp-biiqbudqzpcsjecvrroiumyrfbwm/Build/Intermediates.noindex/CheerComCaluculatorApp.build/Debug-iphonesimulator/CheerComCaluculatorApp.build/Objects-normal/x86_64/CheerComCaluculatorApp.swiftmodule -validate-clang-modules-once -clang-build-session-file /Users/ianrichardson/Library/Developer/Xcode/DerivedData/ModuleCache.noindex/Session.modulevalidation -Xcc -I/Users/ianrichardson/Library/Developer/Xcode/DerivedData/CheerComCaluculatorApp-biiqbudqzpcsjecvrroiumyrfbwm/Build/Intermediates.noindex/CheerComCaluculatorApp.build/Debug-iphonesimulator/CheerComCaluculatorApp.build/swift-overrides.hmap -emit-const-values -Xfrontend -const-gather-protocols-file -Xfrontend /Users/ianrichardson/Library/Developer/Xcode/DerivedData/CheerComCaluculatorApp-biiqbudqzpcsjecvrroiumyrfbwm/Build/Intermediates.noindex/CheerComCaluculatorApp.build/Debug-iphonesimulator/CheerComCaluculatorApp.build/Objects-normal/x86_64/CheerComCaluculatorApp_const_extract_protocols.json -Xcc -iquote -Xcc /Users/ianrichardson/Library/Developer/Xcode/DerivedData/CheerComCaluculatorApp-biiqbudqzpcsjecvrroiumyrfbwm/Build/Intermediates.noindex/CheerComCaluculatorApp.build/Debug-iphonesimulator/CheerComCaluculatorApp.build/CheerComCaluculatorApp-generated-files.hmap -Xcc -I/Users/ianrichardson/Library/Developer/Xcode/DerivedData/CheerComCaluculatorApp-biiqbudqzpcsjecvrroiumyrfbwm/Build/Intermediates.noindex/CheerComCaluculatorApp.build/Debug-iphonesimulator/CheerComCaluculatorApp.build/CheerComCaluculatorApp-own-target-headers.hmap -Xcc -I/Users/ianrichardson/Library/Developer/Xcode/DerivedData/CheerComCaluculatorApp-biiqbudqzpcsjecvrroiumyrfbwm/Build/Intermediates.noindex/CheerComCaluculatorApp.build/Debug-iphonesimulator/CheerComCaluculatorApp.build/CheerComCaluculatorApp-all-target-headers.hmap -Xcc -iquote -Xcc /Users/ianrichardson/Library/Developer/Xcode/DerivedData/CheerComCaluculatorApp-biiqbudqzpcsjecvrroiumyrfbwm/Build/Intermediates.noindex/CheerComCaluculatorApp.build/Debug-iphonesimulator/CheerComCaluculatorApp.build/CheerComCaluculatorApp-project-headers.hmap -Xcc -I/Users/ianrichardson/Library/Developer/Xcode/DerivedData/CheerComCaluculatorApp-biiqbudqzpcsjecvrroiumyrfbwm/Build/Products/Debug-iphonesimulator/include -Xcc -I/Users/ianrichardson/Library/Developer/Xcode/DerivedData/CheerComCaluculatorApp-biiqbudqzpcsjecvrroiumyrfbwm/Build/Intermediates.noindex/CheerComCaluculatorApp.build/Debug-iphonesimulator/CheerComCaluculatorApp.build/DerivedSources-normal/x86_64 -Xcc -I/Users/ianrichardson/Library/Developer/Xcode/DerivedData/CheerComCaluculatorApp-biiqbudqzpcsjecvrroiumyrfbwm/Build/Intermediates.noindex/CheerComCaluculatorApp.build/Debug-iphonesimulator/CheerComCaluculatorApp.build/DerivedSources/x86_64 -Xcc -I/Users/ianrichardson/Library/Developer/Xcode/DerivedData/CheerComCaluculatorApp-biiqbudqzpcsjecvrroiumyrfbwm/Build/Intermediates.noindex/CheerComCaluculatorApp.build/Debug-iphonesimulator/CheerComCaluculatorApp.build/DerivedSources -Xcc -DDEBUG\=1 -emit-objc-header -emit-objc-header-path /Users/ianrichardson/Library/Developer/Xcode/DerivedData/CheerComCaluculatorApp-biiqbudqzpcsjecvrroiumyrfbwm/Build/Intermediates.noindex/CheerComCaluculatorApp.build/Debug-iphonesimulator/CheerComCaluculatorApp.build/Objects-normal/x86_64/CheerComCaluculatorApp-Swift.h -working-directory /Users/ianrichardson/Projects/CheerCOM/CheerComCaluculatorApp -experimental-emit-module-separately -disable-cmo

SwiftDriver CheerComCaluculatorApp normal arm64 com.apple.xcode.tools.swift.compiler (in target 'CheerComCaluculatorApp' from project 'CheerComCaluculatorApp')
    cd /Users/ianrichardson/Projects/CheerCOM/CheerComCaluculatorApp
    builtin-SwiftDriver -- /Applications/Xcode.app/Contents/Developer/Toolchains/XcodeDefault.xctoolchain/usr/bin/swiftc -module-name CheerComCaluculatorApp -Onone @/Users/ianrichardson/Library/Developer/Xcode/DerivedData/CheerComCaluculatorApp-biiqbudqzpcsjecvrroiumyrfbwm/Build/Intermediates.noindex/CheerComCaluculatorApp.build/Debug-iphonesimulator/CheerComCaluculatorApp.build/Objects-normal/arm64/CheerComCaluculatorApp.SwiftFileList -DDEBUG -default-isolation\=MainActor -enable-bare-slash-regex -enable-upcoming-feature DisableOutwardActorInference -enable-upcoming-feature InferSendableFromCaptures -enable-upcoming-feature GlobalActorIsolatedTypesUsability -enable-upcoming-feature MemberImportVisibility -enable-upcoming-feature InferIsolatedConformances -enable-upcoming-feature NonisolatedNonsendingByDefault -enable-experimental-feature DebugDescriptionMacro -sdk /Applications/Xcode.app/Contents/Developer/Platforms/iPhoneSimulator.platform/Developer/SDKs/iPhoneSimulator26.4.sdk -target arm64-apple-ios26.0-simulator -g -module-cache-path /Users/ianrichardson/Library/Developer/Xcode/DerivedData/ModuleCache.noindex -Xfrontend -serialize-debugging-options -enable-testing -index-store-path /Users/ianrichardson/Library/Developer/Xcode/DerivedData/CheerComCaluculatorApp-biiqbudqzpcsjecvrroiumyrfbwm/Index.noindex/DataStore -Xcc -D_LIBCPP_HARDENING_MODE\=_LIBCPP_HARDENING_MODE_DEBUG -swift-version 5 -I /Users/ianrichardson/Library/Developer/Xcode/DerivedData/CheerComCaluculatorApp-biiqbudqzpcsjecvrroiumyrfbwm/Build/Products/Debug-iphonesimulator -F /Users/ianrichardson/Library/Developer/Xcode/DerivedData/CheerComCaluculatorApp-biiqbudqzpcsjecvrroiumyrfbwm/Build/Products/Debug-iphonesimulator -emit-localized-strings -emit-localized-strings-path /Users/ianrichardson/Library/Developer/Xcode/DerivedData/CheerComCaluculatorApp-biiqbudqzpcsjecvrroiumyrfbwm/Build/Intermediates.noindex/CheerComCaluculatorApp.build/Debug-iphonesimulator/CheerComCaluculatorApp.build/Objects-normal/arm64 -c -j24 -enable-batch-mode -incremental -Xcc -ivfsstatcache -Xcc /Users/ianrichardson/Library/Developer/Xcode/DerivedData/SDKStatCaches.noindex/iphonesimulator26.4-23E237-688ef53f1462e2c8f657fdc38a81448f686eebb5dc1d8ecb277353a59184f4aa.sdkstatcache -output-file-map /Users/ianrichardson/Library/Developer/Xcode/DerivedData/CheerComCaluculatorApp-biiqbudqzpcsjecvrroiumyrfbwm/Build/Intermediates.noindex/CheerComCaluculatorApp.build/Debug-iphonesimulator/CheerComCaluculatorApp.build/Objects-normal/arm64/CheerComCaluculatorApp-OutputFileMap.json -use-frontend-parseable-output -save-temps -no-color-diagnostics -explicit-module-build -module-cache-path /Users/ianrichardson/Library/Developer/Xcode/DerivedData/CheerComCaluculatorApp-biiqbudqzpcsjecvrroiumyrfbwm/Build/Intermediates.noindex/SwiftExplicitPrecompiledModules -clang-scanner-module-cache-path /Users/ianrichardson/Library/Developer/Xcode/DerivedData/ModuleCache.noindex -sdk-module-cache-path /Users/ianrichardson/Library/Developer/Xcode/DerivedData/ModuleCache.noindex -serialize-diagnostics -emit-dependencies -emit-module -emit-module-path /Users/ianrichardson/Library/Developer/Xcode/DerivedData/CheerComCaluculatorApp-biiqbudqzpcsjecvrroiumyrfbwm/Build/Intermediates.noindex/CheerComCaluculatorApp.build/Debug-iphonesimulator/CheerComCaluculatorApp.build/Objects-normal/arm64/CheerComCaluculatorApp.swiftmodule -validate-clang-modules-once -clang-build-session-file /Users/ianrichardson/Library/Developer/Xcode/DerivedData/ModuleCache.noindex/Session.modulevalidation -Xcc -I/Users/ianrichardson/Library/Developer/Xcode/DerivedData/CheerComCaluculatorApp-biiqbudqzpcsjecvrroiumyrfbwm/Build/Intermediates.noindex/CheerComCaluculatorApp.build/Debug-iphonesimulator/CheerComCaluculatorApp.build/swift-overrides.hmap -emit-const-values -Xfrontend -const-gather-protocols-file -Xfrontend /Users/ianrichardson/Library/Developer/Xcode/DerivedData/CheerComCaluculatorApp-biiqbudqzpcsjecvrroiumyrfbwm/Build/Intermediates.noindex/CheerComCaluculatorApp.build/Debug-iphonesimulator/CheerComCaluculatorApp.build/Objects-normal/arm64/CheerComCaluculatorApp_const_extract_protocols.json -Xcc -iquote -Xcc /Users/ianrichardson/Library/Developer/Xcode/DerivedData/CheerComCaluculatorApp-biiqbudqzpcsjecvrroiumyrfbwm/Build/Intermediates.noindex/CheerComCaluculatorApp.build/Debug-iphonesimulator/CheerComCaluculatorApp.build/CheerComCaluculatorApp-generated-files.hmap -Xcc -I/Users/ianrichardson/Library/Developer/Xcode/DerivedData/CheerComCaluculatorApp-biiqbudqzpcsjecvrroiumyrfbwm/Build/Intermediates.noindex/CheerComCaluculatorApp.build/Debug-iphonesimulator/CheerComCaluculatorApp.build/CheerComCaluculatorApp-own-target-headers.hmap -Xcc -I/Users/ianrichardson/Library/Developer/Xcode/DerivedData/CheerComCaluculatorApp-biiqbudqzpcsjecvrroiumyrfbwm/Build/Intermediates.noindex/CheerComCaluculatorApp.build/Debug-iphonesimulator/CheerComCaluculatorApp.build/CheerComCaluculatorApp-all-target-headers.hmap -Xcc -iquote -Xcc /Users/ianrichardson/Library/Developer/Xcode/DerivedData/CheerComCaluculatorApp-biiqbudqzpcsjecvrroiumyrfbwm/Build/Intermediates.noindex/CheerComCaluculatorApp.build/Debug-iphonesimulator/CheerComCaluculatorApp.build/CheerComCaluculatorApp-project-headers.hmap -Xcc -I/Users/ianrichardson/Library/Developer/Xcode/DerivedData/CheerComCaluculatorApp-biiqbudqzpcsjecvrroiumyrfbwm/Build/Products/Debug-iphonesimulator/include -Xcc -I/Users/ianrichardson/Library/Developer/Xcode/DerivedData/CheerComCaluculatorApp-biiqbudqzpcsjecvrroiumyrfbwm/Build/Intermediates.noindex/CheerComCaluculatorApp.build/Debug-iphonesimulator/CheerComCaluculatorApp.build/DerivedSources-normal/arm64 -Xcc -I/Users/ianrichardson/Library/Developer/Xcode/DerivedData/CheerComCaluculatorApp-biiqbudqzpcsjecvrroiumyrfbwm/Build/Intermediates.noindex/CheerComCaluculatorApp.build/Debug-iphonesimulator/CheerComCaluculatorApp.build/DerivedSources/arm64 -Xcc -I/Users/ianrichardson/Library/Developer/Xcode/DerivedData/CheerComCaluculatorApp-biiqbudqzpcsjecvrroiumyrfbwm/Build/Intermediates.noindex/CheerComCaluculatorApp.build/Debug-iphonesimulator/CheerComCaluculatorApp.build/DerivedSources -Xcc -DDEBUG\=1 -emit-objc-header -emit-objc-header-path /Users/ianrichardson/Library/Developer/Xcode/DerivedData/CheerComCaluculatorApp-biiqbudqzpcsjecvrroiumyrfbwm/Build/Intermediates.noindex/CheerComCaluculatorApp.build/Debug-iphonesimulator/CheerComCaluculatorApp.build/Objects-normal/arm64/CheerComCaluculatorApp-Swift.h -working-directory /Users/ianrichardson/Projects/CheerCOM/CheerComCaluculatorApp -experimental-emit-module-separately -disable-cmo

CreateUniversalBinary /Users/ianrichardson/Library/Developer/Xcode/DerivedData/CheerComCaluculatorApp-biiqbudqzpcsjecvrroiumyrfbwm/Build/Products/Debug-iphonesimulator/CheerComCaluculatorApp.app/__preview.dylib normal arm64\ x86_64 (in target 'CheerComCaluculatorApp' from project 'CheerComCaluculatorApp')
    cd /Users/ianrichardson/Projects/CheerCOM/CheerComCaluculatorApp
    /Applications/Xcode.app/Contents/Developer/Toolchains/XcodeDefault.xctoolchain/usr/bin/lipo -create /Users/ianrichardson/Library/Developer/Xcode/DerivedData/CheerComCaluculatorApp-biiqbudqzpcsjecvrroiumyrfbwm/Build/Intermediates.noindex/CheerComCaluculatorApp.build/Debug-iphonesimulator/CheerComCaluculatorApp.build/Objects-normal/arm64/Binary/__preview.dylib /Users/ianrichardson/Library/Developer/Xcode/DerivedData/CheerComCaluculatorApp-biiqbudqzpcsjecvrroiumyrfbwm/Build/Intermediates.noindex/CheerComCaluculatorApp.build/Debug-iphonesimulator/CheerComCaluculatorApp.build/Objects-normal/x86_64/Binary/__preview.dylib -output /Users/ianrichardson/Library/Developer/Xcode/DerivedData/CheerComCaluculatorApp-biiqbudqzpcsjecvrroiumyrfbwm/Build/Products/Debug-iphonesimulator/CheerComCaluculatorApp.app/__preview.dylib

LinkStoryboards (in target 'CheerComCaluculatorApp' from project 'CheerComCaluculatorApp')
    cd /Users/ianrichardson/Projects/CheerCOM/CheerComCaluculatorApp
    /Applications/Xcode.app/Contents/Developer/usr/bin/ibtool --errors --warnings --notices --module CheerComCaluculatorApp --target-device iphone --target-device ipad --minimum-deployment-target 26.0 --output-format human-readable-text --link /Users/ianrichardson/Library/Developer/Xcode/DerivedData/CheerComCaluculatorApp-biiqbudqzpcsjecvrroiumyrfbwm/Build/Products/Debug-iphonesimulator/CheerComCaluculatorApp.app /Users/ianrichardson/Library/Developer/Xcode/DerivedData/CheerComCaluculatorApp-biiqbudqzpcsjecvrroiumyrfbwm/Build/Intermediates.noindex/CheerComCaluculatorApp.build/Debug-iphonesimulator/CheerComCaluculatorApp.build/Base.lproj/LaunchScreen.storyboardc

SwiftCompile normal x86_64 Compiling\ CheerCOMSceneManager.swift /Users/ianrichardson/Projects/CheerCOM/CheerComCaluculatorApp/CheerComCaluculatorApp/Managers/CheerCOMSceneManager.swift (in target 'CheerComCaluculatorApp' from project 'CheerComCaluculatorApp')
SwiftCompile normal x86_64 /Users/ianrichardson/Projects/CheerCOM/CheerComCaluculatorApp/CheerComCaluculatorApp/Managers/CheerCOMSceneManager.swift (in target 'CheerComCaluculatorApp' from project 'CheerComCaluculatorApp')
    cd /Users/ianrichardson/Projects/CheerCOM/CheerComCaluculatorApp
    

SwiftCompile normal x86_64 Compiling\ VisualizationsManager.swift /Users/ianrichardson/Projects/CheerCOM/CheerComCaluculatorApp/CheerComCaluculatorApp/Managers/VisualizationsManager.swift (in target 'CheerComCaluculatorApp' from project 'CheerComCaluculatorApp')
SwiftCompile normal x86_64 /Users/ianrichardson/Projects/CheerCOM/CheerComCaluculatorApp/CheerComCaluculatorApp/Managers/VisualizationsManager.swift (in target 'CheerComCaluculatorApp' from project 'CheerComCaluculatorApp')
    cd /Users/ianrichardson/Projects/CheerCOM/CheerComCaluculatorApp
    

SwiftCompile normal x86_64 Compiling\ CameraManager.swift /Users/ianrichardson/Projects/CheerCOM/CheerComCaluculatorApp/CheerComCaluculatorApp/Managers/CameraManager.swift (in target 'CheerComCaluculatorApp' from project 'CheerComCaluculatorApp')

SwiftCompile normal x86_64 /Users/ianrichardson/Projects/CheerCOM/CheerComCaluculatorApp/CheerComCaluculatorApp/Managers/CameraManager.swift (in target 'CheerComCaluculatorApp' from project 'CheerComCaluculatorApp')
    cd /Users/ianrichardson/Projects/CheerCOM/CheerComCaluculatorApp
    

SwiftCompile normal x86_64 Compiling\ JointLimits.swift /Users/ianrichardson/Projects/CheerCOM/CheerComCaluculatorApp/CheerComCaluculatorApp/Managers/JointLimits.swift (in target 'CheerComCaluculatorApp' from project 'CheerComCaluculatorApp')

SwiftCompile normal x86_64 /Users/ianrichardson/Projects/CheerCOM/CheerComCaluculatorApp/CheerComCaluculatorApp/Managers/JointLimits.swift (in target 'CheerComCaluculatorApp' from project 'CheerComCaluculatorApp')
    cd /Users/ianrichardson/Projects/CheerCOM/CheerComCaluculatorApp
    

SwiftCompile normal x86_64 Compiling\ CheerDashboardSwiftUIView.swift /Users/ianrichardson/Projects/CheerCOM/CheerComCaluculatorApp/CheerComCaluculatorApp/Views/CheerDashboardSwiftUIView.swift (in target 'CheerComCaluculatorApp' from project 'CheerComCaluculatorApp')

SwiftCompile normal x86_64 /Users/ianrichardson/Projects/CheerCOM/CheerComCaluculatorApp/CheerComCaluculatorApp/Views/CheerDashboardSwiftUIView.swift (in target 'CheerComCaluculatorApp' from project 'CheerComCaluculatorApp')
    cd /Users/ianrichardson/Projects/CheerCOM/CheerComCaluculatorApp
    

SwiftCompile normal x86_64 Compiling\ CheerUI.swift /Users/ianrichardson/Projects/CheerCOM/CheerComCaluculatorApp/CheerComCaluculatorApp/Views/CheerUI.swift (in target 'CheerComCaluculatorApp' from project 'CheerComCaluculatorApp')

SwiftCompile normal x86_64 /Users/ianrichardson/Projects/CheerCOM/CheerComCaluculatorApp/CheerComCaluculatorApp/Views/CheerUI.swift (in target 'CheerComCaluculatorApp' from project 'CheerComCaluculatorApp')
    cd /Users/ianrichardson/Projects/CheerCOM/CheerComCaluculatorApp
    

SwiftCompile normal x86_64 Compiling\ PoseStorageManager.swift /Users/ianrichardson/Projects/CheerCOM/CheerComCaluculatorApp/CheerComCaluculatorApp/Managers/PoseStorageManager.swift (in target 'CheerComCaluculatorApp' from project 'CheerComCaluculatorApp')

SwiftCompile normal x86_64 /Users/ianrichardson/Projects/CheerCOM/CheerComCaluculatorApp/CheerComCaluculatorApp/Managers/PoseStorageManager.swift (in target 'CheerComCaluculatorApp' from project 'CheerComCaluculatorApp')
    cd /Users/ianrichardson/Projects/CheerCOM/CheerComCaluculatorApp
    

SwiftCompile normal x86_64 Compiling\ DiagnosticsOverlay.swift /Users/ianrichardson/Projects/CheerCOM/CheerComCaluculatorApp/CheerComCaluculatorApp/Views/DiagnosticsOverlay.swift (in target 'CheerComCaluculatorApp' from project 'CheerComCaluculatorApp')

SwiftCompile normal x86_64 /Users/ianrichardson/Projects/CheerCOM/CheerComCaluculatorApp/CheerComCaluculatorApp/Views/DiagnosticsOverlay.swift (in target 'CheerComCaluculatorApp' from project 'CheerComCaluculatorApp')
    cd /Users/ianrichardson/Projects/CheerCOM/CheerComCaluculatorApp
    

SwiftCompile normal x86_64 Compiling\ COMInfoPanel.swift /Users/ianrichardson/Projects/CheerCOM/CheerComCaluculatorApp/CheerComCaluculatorApp/Views/COMInfoPanel.swift (in target 'CheerComCaluculatorApp' from project 'CheerComCaluculatorApp')

SwiftCompile normal x86_64 /Users/ianrichardson/Projects/CheerCOM/CheerComCaluculatorApp/CheerComCaluculatorApp/Views/COMInfoPanel.swift (in target 'CheerComCaluculatorApp' from project 'CheerComCaluculatorApp')
    cd /Users/ianrichardson/Projects/CheerCOM/CheerComCaluculatorApp
    

SwiftCompile normal x86_64 Compiling\ CoMValidationHarness.swift /Users/ianrichardson/Projects/CheerCOM/CheerComCaluculatorApp/CheerComCaluculatorApp/Managers/CoMValidationHarness.swift (in target 'CheerComCaluculatorApp' from project 'CheerComCaluculatorApp')

SwiftCompile normal x86_64 /Users/ianrichardson/Projects/CheerCOM/CheerComCaluculatorApp/CheerComCaluculatorApp/Managers/CoMValidationHarness.swift (in target 'CheerComCaluculatorApp' from project 'CheerComCaluculatorApp')
    cd /Users/ianrichardson/Projects/CheerCOM/CheerComCaluculatorApp
    

SwiftCompile normal x86_64 Compiling\ JointControlPanel.swift /Users/ianrichardson/Projects/CheerCOM/CheerComCaluculatorApp/CheerComCaluculatorApp/Views/JointControlPanel.swift (in target 'CheerComCaluculatorApp' from project 'CheerComCaluculatorApp')

SwiftCompile normal x86_64 /Users/ianrichardson/Projects/CheerCOM/CheerComCaluculatorApp/CheerComCaluculatorApp/Views/JointControlPanel.swift (in target 'CheerComCaluculatorApp' from project 'CheerComCaluculatorApp')
    cd /Users/ianrichardson/Projects/CheerCOM/CheerComCaluculatorApp
    

SwiftCompile normal x86_64 Compiling\ TransformControlPanel.swift /Users/ianrichardson/Projects/CheerCOM/CheerComCaluculatorApp/CheerComCaluculatorApp/Views/TransformControlPanel.swift (in target 'CheerComCaluculatorApp' from project 'CheerComCaluculatorApp')

SwiftCompile normal x86_64 /Users/ianrichardson/Projects/CheerCOM/CheerComCaluculatorApp/CheerComCaluculatorApp/Views/TransformControlPanel.swift (in target 'CheerComCaluculatorApp' from project 'CheerComCaluculatorApp')
    cd /Users/ianrichardson/Projects/CheerCOM/CheerComCaluculatorApp
    

SwiftCompile normal x86_64 Compiling\ PoseLibraryPanel.swift /Users/ianrichardson/Projects/CheerCOM/CheerComCaluculatorApp/CheerComCaluculatorApp/Views/PoseLibraryPanel.swift (in target 'CheerComCaluculatorApp' from project 'CheerComCaluculatorApp')

SwiftCompile normal x86_64 /Users/ianrichardson/Projects/CheerCOM/CheerComCaluculatorApp/CheerComCaluculatorApp/Views/PoseLibraryPanel.swift (in target 'CheerComCaluculatorApp' from project 'CheerComCaluculatorApp')
    cd /Users/ianrichardson/Projects/CheerCOM/CheerComCaluculatorApp
    

SwiftCompile normal x86_64 Compiling\ PosePresets.swift /Users/ianrichardson/Projects/CheerCOM/CheerComCaluculatorApp/CheerComCaluculatorApp/Managers/PosePresets.swift (in target 'CheerComCaluculatorApp' from project 'CheerComCaluculatorApp')
SwiftCompile normal x86_64 /Users/ianrichardson/Projects/CheerCOM/CheerComCaluculatorApp/CheerComCaluculatorApp/Managers/PosePresets.swift (in target 'CheerComCaluculatorApp' from project 'CheerComCaluculatorApp')
    cd /Users/ianrichardson/Projects/CheerCOM/CheerComCaluculatorApp
    

SwiftCompile normal x86_64 Compiling\ CheerCOMApp.swift /Users/ianrichardson/Projects/CheerCOM/CheerComCaluculatorApp/CheerComCaluculatorApp/CheerCOMApp.swift (in target 'CheerComCaluculatorApp' from project 'CheerComCaluculatorApp')
SwiftCompile normal x86_64 /Users/ianrichardson/Projects/CheerCOM/CheerComCaluculatorApp/CheerComCaluculatorApp/CheerCOMApp.swift (in target 'CheerComCaluculatorApp' from project 'CheerComCaluculatorApp')
    cd /Users/ianrichardson/Projects/CheerCOM/CheerComCaluculatorApp
    

SwiftCompile normal x86_64 Compiling\ SceneViewController.swift /Users/ianrichardson/Projects/CheerCOM/CheerComCaluculatorApp/CheerComCaluculatorApp/SceneViewController.swift (in target 'CheerComCaluculatorApp' from project 'CheerComCaluculatorApp')

SwiftCompile normal x86_64 /Users/ianrichardson/Projects/CheerCOM/CheerComCaluculatorApp/CheerComCaluculatorApp/SceneViewController.swift (in target 'CheerComCaluculatorApp' from project 'CheerComCaluculatorApp')
    cd /Users/ianrichardson/Projects/CheerCOM/CheerComCaluculatorApp
    

SwiftCompile normal x86_64 Compiling\ SharedTypes.swift /Users/ianrichardson/Projects/CheerCOM/CheerComCaluculatorApp/CheerComCaluculatorApp/SharedTypes.swift (in target 'CheerComCaluculatorApp' from project 'CheerComCaluculatorApp')

SwiftCompile normal x86_64 /Users/ianrichardson/Projects/CheerCOM/CheerComCaluculatorApp/CheerComCaluculatorApp/SharedTypes.swift (in target 'CheerComCaluculatorApp' from project 'CheerComCaluculatorApp')
    cd /Users/ianrichardson/Projects/CheerCOM/CheerComCaluculatorApp
    

SwiftEmitModule normal x86_64 Emitting\ module\ for\ CheerComCaluculatorApp (in target 'CheerComCaluculatorApp' from project 'CheerComCaluculatorApp')
Failed frontend command:
/Applications/Xcode.app/Contents/Developer/Toolchains/XcodeDefault.xctoolchain/usr/bin/swift-frontend -frontend -emit-module -experimental-skip-non-inlinable-function-bodies-without-types /Users/ianrichardson/Projects/CheerCOM/CheerComCaluculatorApp/CheerComCaluculatorApp/Managers/CameraManager.swift /Users/ianrichardson/Projects/CheerCOM/CheerComCaluculatorApp/CheerComCaluculatorApp/Managers/CheerCOMSceneManager.swift /Users/ianrichardson/Projects/CheerCOM/CheerComCaluculatorApp/CheerComCaluculatorApp/Managers/CoMValidationHarness.swift /Users/ianrichardson/Projects/CheerCOM/CheerComCaluculatorApp/CheerComCaluculatorApp/Managers/JointLimits.swift /Users/ianrichardson/Projects/CheerCOM/CheerComCaluculatorApp/CheerComCaluculatorApp/Managers/PosePresets.swift /Users/ianrichardson/Projects/CheerCOM/CheerComCaluculatorApp/CheerComCaluculatorApp/Managers/PoseStorageManager.swift /Users/ianrichardson/Projects/CheerCOM/CheerComCaluculatorApp/CheerComCaluculatorApp/Managers/VisualizationsManager.swift /Users/ianrichardson/Projects/CheerCOM/CheerComCaluculatorApp/CheerComCaluculatorApp/Views/CheerDashboardSwiftUIView.swift /Users/ianrichardson/Projects/CheerCOM/CheerComCaluculatorApp/CheerComCaluculatorApp/Views/CheerUI.swift /Users/ianrichardson/Projects/CheerCOM/CheerComCaluculatorApp/CheerComCaluculatorApp/Views/COMInfoPanel.swift /Users/ianrichardson/Projects/CheerCOM/CheerComCaluculatorApp/CheerComCaluculatorApp/Views/DiagnosticsOverlay.swift /Users/ianrichardson/Projects/CheerCOM/CheerComCaluculatorApp/CheerComCaluculatorApp/Views/JointControlPanel.swift /Users/ianrichardson/Projects/CheerCOM/CheerComCaluculatorApp/CheerComCaluculatorApp/Views/PoseLibraryPanel.swift /Users/ianrichardson/Projects/CheerCOM/CheerComCaluculatorApp/CheerComCaluculatorApp/Views/TransformControlPanel.swift /Users/ianrichardson/Projects/CheerCOM/CheerComCaluculatorApp/CheerComCaluculatorApp/CheerCOMApp.swift /Users/ianrichardson/Projects/CheerCOM/CheerComCaluculatorApp/CheerComCaluculatorApp/COMCalculator.swift /Users/ianrichardson/Projects/CheerCOM/CheerComCaluculatorApp/CheerComCaluculatorApp/SceneViewController.swift /Users/ianrichardson/Projects/CheerCOM/CheerComCaluculatorApp/CheerComCaluculatorApp/SharedTypes.swift /Users/ianrichardson/Library/Developer/Xcode/DerivedData/CheerComCaluculatorApp-biiqbudqzpcsjecvrroiumyrfbwm/Build/Intermediates.noindex/CheerComCaluculatorApp.build/Debug-iphonesimulator/CheerComCaluculatorApp.build/DerivedSources/GeneratedAssetSymbols.swift -target x86_64-apple-ios26.0-simulator -module-can-import-version DeveloperToolsSupport 23.40.26 23.40.26 -module-can-import-version SwiftUI 7.4.27.1 7.4.27 -module-can-import-version UIKit 9126.4.27.1 9126.4.27 -load-resolved-plugin /Applications/Xcode.app/Contents/Developer/Platforms/iPhoneOS.platform/Developer/usr/lib/swift/host/plugins/libFoundationMacros.dylib\#/Applications/Xcode.app/Contents/Developer/Platforms/iPhoneOS.platform/Developer/usr/bin/swift-plugin-server\#FoundationMacros -load-resolved-plugin /Applications/Xcode.app/Contents/Developer/Platforms/iPhoneOS.platform/Developer/usr/lib/swift/host/plugins/libObservationMacros.dylib\#/Applications/Xcode.app/Contents/Developer/Platforms/iPhoneOS.platform/Developer/usr/bin/swift-plugin-server\#ObservationMacros -load-resolved-plugin /Applications/Xcode.app/Contents/Developer/Platforms/iPhoneOS.platform/Developer/usr/lib/swift/host/plugins/libPreviewsMacros.dylib\#/Applications/Xcode.app/Contents/Developer/Platforms/iPhoneOS.platform/Developer/usr/bin/swift-plugin-server\#PreviewsMacros -load-resolved-plugin /Applications/Xcode.app/Contents/Developer/Platforms/iPhoneOS.platform/Developer/usr/lib/swift/host/plugins/libSwiftMacros.dylib\#/Applications/Xcode.app/Contents/Developer/Platforms/iPhoneOS.platform/Developer/usr/bin/swift-plugin-server\#SwiftMacros -load-resolved-plugin /Applications/Xcode.app/Contents/Developer/Platforms/iPhoneOS.platform/Developer/usr/lib/swift/host/plugins/libSwiftUIMacros.dylib\#/Applications/Xcode.app/Contents/Developer/Platforms/iPhoneOS.platform/Developer/usr/bin/swift-plugin-server\#SwiftUIMacros -disable-implicit-swift-modules -Xcc -fno-implicit-modules -Xcc -fno-implicit-module-maps -explicit-swift-module-map-file /Users/ianrichardson/Library/Developer/Xcode/DerivedData/CheerComCaluculatorApp-biiqbudqzpcsjecvrroiumyrfbwm/Build/Intermediates.noindex/CheerComCaluculatorApp.build/Debug-iphonesimulator/CheerComCaluculatorApp.build/Objects-normal/x86_64/CheerComCaluculatorApp-dependencies-1.json -enable-objc-interop -sdk /Applications/Xcode.app/Contents/Developer/Platforms/iPhoneSimulator.platform/Developer/SDKs/iPhoneSimulator26.4.sdk -I /Users/ianrichardson/Library/Developer/Xcode/DerivedData/CheerComCaluculatorApp-biiqbudqzpcsjecvrroiumyrfbwm/Build/Products/Debug-iphonesimulator -F /Users/ianrichardson/Library/Developer/Xcode/DerivedData/CheerComCaluculatorApp-biiqbudqzpcsjecvrroiumyrfbwm/Build/Products/Debug-iphonesimulator -no-color-diagnostics -Xcc -fno-color-diagnostics -enable-testing -g -debug-info-format\=dwarf -dwarf-version\=5 -module-cache-path /Users/ianrichardson/Library/Developer/Xcode/DerivedData/CheerComCaluculatorApp-biiqbudqzpcsjecvrroiumyrfbwm/Build/Intermediates.noindex/SwiftExplicitPrecompiledModules -swift-version 5 -Onone -D DEBUG -serialize-debugging-options -const-gather-protocols-file /Users/ianrichardson/Library/Developer/Xcode/DerivedData/CheerComCaluculatorApp-biiqbudqzpcsjecvrroiumyrfbwm/Build/Intermediates.noindex/CheerComCaluculatorApp.build/Debug-iphonesimulator/CheerComCaluculatorApp.build/Objects-normal/x86_64/CheerComCaluculatorApp_const_extract_protocols.json -enable-upcoming-feature DisableOutwardActorInference -enable-upcoming-feature InferSendableFromCaptures -enable-upcoming-feature GlobalActorIsolatedTypesUsability -enable-upcoming-feature MemberImportVisibility -enable-upcoming-feature InferIsolatedConformances -enable-upcoming-feature NonisolatedNonsendingByDefault -enable-experimental-feature DebugDescriptionMacro -enable-bare-slash-regex -default-isolation\=MainActor -empty-abi-descriptor -validate-clang-modules-once -clang-build-session-file /Users/ianrichardson/Library/Developer/Xcode/DerivedData/ModuleCache.noindex/Session.modulevalidation -Xcc -working-directory -Xcc /Users/ianrichardson/Projects/CheerCOM/CheerComCaluculatorApp -enable-anonymous-context-mangled-names -file-compilation-dir /Users/ianrichardson/Projects/CheerCOM/CheerComCaluculatorApp -Xcc -D_LIBCPP_HARDENING_MODE\=_LIBCPP_HARDENING_MODE_DEBUG -Xcc -ivfsstatcache -Xcc /Users/ianrichardson/Library/Developer/Xcode/DerivedData/SDKStatCaches.noindex/iphonesimulator26.4-23E237-688ef53f1462e2c8f657fdc38a81448f686eebb5dc1d8ecb277353a59184f4aa.sdkstatcache -Xcc -I/Users/ianrichardson/Library/Developer/Xcode/DerivedData/CheerComCaluculatorApp-biiqbudqzpcsjecvrroiumyrfbwm/Build/Intermediates.noindex/CheerComCaluculatorApp.build/Debug-iphonesimulator/CheerComCaluculatorApp.build/swift-overrides.hmap -Xcc -iquote -Xcc /Users/ianrichardson/Library/Developer/Xcode/DerivedData/CheerComCaluculatorApp-biiqbudqzpcsjecvrroiumyrfbwm/Build/Intermediates.noindex/CheerComCaluculatorApp.build/Debug-iphonesimulator/CheerComCaluculatorApp.build/CheerComCaluculatorApp-generated-files.hmap -Xcc -I/Users/ianrichardson/Library/Developer/Xcode/DerivedData/CheerComCaluculatorApp-biiqbudqzpcsjecvrroiumyrfbwm/Build/Intermediates.noindex/CheerComCaluculatorApp.build/Debug-iphonesimulator/CheerComCaluculatorApp.build/CheerComCaluculatorApp-own-target-headers.hmap -Xcc -I/Users/ianrichardson/Library/Developer/Xcode/DerivedData/CheerComCaluculatorApp-biiqbudqzpcsjecvrroiumyrfbwm/Build/Intermediates.noindex/CheerComCaluculatorApp.build/Debug-iphonesimulator/CheerComCaluculatorApp.build/CheerComCaluculatorApp-all-target-headers.hmap -Xcc -iquote -Xcc /Users/ianrichardson/Library/Developer/Xcode/DerivedData/CheerComCaluculatorApp-biiqbudqzpcsjecvrroiumyrfbwm/Build/Intermediates.noindex/CheerComCaluculatorApp.build/Debug-iphonesimulator/CheerComCaluculatorApp.build/CheerComCaluculatorApp-project-headers.hmap -Xcc -I/Users/ianrichardson/Library/Developer/Xcode/DerivedData/CheerComCaluculatorApp-biiqbudqzpcsjecvrroiumyrfbwm/Build/Products/Debug-iphonesimulator/include -Xcc -I/Users/ianrichardson/Library/Developer/Xcode/DerivedData/CheerComCaluculatorApp-biiqbudqzpcsjecvrroiumyrfbwm/Build/Intermediates.noindex/CheerComCaluculatorApp.build/Debug-iphonesimulator/CheerComCaluculatorApp.build/DerivedSources-normal/x86_64 -Xcc -I/Users/ianrichardson/Library/Developer/Xcode/DerivedData/CheerComCaluculatorApp-biiqbudqzpcsjecvrroiumyrfbwm/Build/Intermediates.noindex/CheerComCaluculatorApp.build/Debug-iphonesimulator/CheerComCaluculatorApp.build/DerivedSources/x86_64 -Xcc -I/Users/ianrichardson/Library/Developer/Xcode/DerivedData/CheerComCaluculatorApp-biiqbudqzpcsjecvrroiumyrfbwm/Build/Intermediates.noindex/CheerComCaluculatorApp.build/Debug-iphonesimulator/CheerComCaluculatorApp.build/DerivedSources -Xcc -DDEBUG\=1 -no-auto-bridging-header-chaining -module-name CheerComCaluculatorApp -frontend-parseable-output -disable-clang-spi -clang-target x86_64-apple-ios26.4-simulator -target-sdk-version 26.4 -target-sdk-name iphonesimulator26.4 -in-process-plugin-server-path /Applications/Xcode.app/Contents/Developer/Toolchains/XcodeDefault.xctoolchain/usr/lib/swift/host/libSwiftInProcPluginServer.dylib -emit-module-doc-path /Users/ianrichardson/Library/Developer/Xcode/DerivedData/CheerComCaluculatorApp-biiqbudqzpcsjecvrroiumyrfbwm/Build/Intermediates.noindex/CheerComCaluculatorApp.build/Debug-iphonesimulator/CheerComCaluculatorApp.build/Objects-normal/x86_64/CheerComCaluculatorApp.swiftdoc -emit-module-source-info-path /Users/ianrichardson/Library/Developer/Xcode/DerivedData/CheerComCaluculatorApp-biiqbudqzpcsjecvrroiumyrfbwm/Build/Intermediates.noindex/CheerComCaluculatorApp.build/Debug-iphonesimulator/CheerComCaluculatorApp.build/Objects-normal/x86_64/CheerComCaluculatorApp.swiftsourceinfo -emit-objc-header-path /Users/ianrichardson/Library/Developer/Xcode/DerivedData/CheerComCaluculatorApp-biiqbudqzpcsjecvrroiumyrfbwm/Build/Intermediates.noindex/CheerComCaluculatorApp.build/Debug-iphonesimulator/CheerComCaluculatorApp.build/Objects-normal/x86_64/CheerComCaluculatorApp-Swift.h -serialize-diagnostics-path /Users/ianrichardson/Library/Developer/Xcode/DerivedData/CheerComCaluculatorApp-biiqbudqzpcsjecvrroiumyrfbwm/Build/Intermediates.noindex/CheerComCaluculatorApp.build/Debug-iphonesimulator/CheerComCaluculatorApp.build/Objects-normal/x86_64/CheerComCaluculatorApp-primary-emit-module.dia -emit-dependencies-path /Users/ianrichardson/Library/Developer/Xcode/DerivedData/CheerComCaluculatorApp-biiqbudqzpcsjecvrroiumyrfbwm/Build/Intermediates.noindex/CheerComCaluculatorApp.build/Debug-iphonesimulator/CheerComCaluculatorApp.build/Objects-normal/x86_64/CheerComCaluculatorApp-primary-emit-module.d -o /Users/ianrichardson/Library/Developer/Xcode/DerivedData/CheerComCaluculatorApp-biiqbudqzpcsjecvrroiumyrfbwm/Build/Intermediates.noindex/CheerComCaluculatorApp.build/Debug-iphonesimulator/CheerComCaluculatorApp.build/Objects-normal/x86_64/CheerComCaluculatorApp.swiftmodule -emit-abi-descriptor-path /Users/ianrichardson/Library/Developer/Xcode/DerivedData/CheerComCaluculatorApp-biiqbudqzpcsjecvrroiumyrfbwm/Build/Intermediates.noindex/CheerComCaluculatorApp.build/Debug-iphonesimulator/CheerComCaluculatorApp.build/Objects-normal/x86_64/CheerComCaluculatorApp.abi.json

EmitSwiftModule normal x86_64 (in target 'CheerComCaluculatorApp' from project 'CheerComCaluculatorApp')
    cd /Users/ianrichardson/Projects/CheerCOM/CheerComCaluculatorApp
    
/Users/ianrichardson/Projects/CheerCOM/CheerComCaluculatorApp/CheerComCaluculatorApp/Managers/CheerCOMSceneManager.swift:13:30: error: cannot find type 'Joint' in scope
    let controllableJoints: [Joint] = [
                             ^~~~~
/Users/ianrichardson/Projects/CheerCOM/CheerComCaluculatorApp/CheerComCaluculatorApp/Managers/CheerCOMSceneManager.swift:37:24: error: cannot find type 'Joint' in scope
    var jointNodeMap: [Joint: SCNNode] {
                       ^~~~~
/Users/ianrichardson/Projects/CheerCOM/CheerComCaluculatorApp/CheerComCaluculatorApp/Managers/CheerCOMSceneManager.swift:255:28: error: cannot find type 'Joint' in scope
    func findBone(_ joint: Joint) -> SCNNode? {
                           ^~~~~
/Users/ianrichardson/Projects/CheerCOM/CheerComCaluculatorApp/CheerComCaluculatorApp/Managers/CoMValidationHarness.swift:20:10: error: type 'PoseType' has no member 'lunge'
        .lunge
        ~^~~~~
/Users/ianrichardson/Projects/CheerCOM/CheerComCaluculatorApp/CheerComCaluculatorApp/Managers/JointLimits.swift:15:36: error: cannot find type 'Joint' in scope
    static var constrainedJoints: [Joint] {
                                   ^~~~~
/Users/ianrichardson/Projects/CheerCOM/CheerComCaluculatorApp/CheerComCaluculatorApp/Managers/PoseStorageManager.swift:32:26: error: cannot find type 'SavedPose' in scope
    func loadPoses() -> [SavedPose] {
                         ^~~~~~~~~
/Users/ianrichardson/Projects/CheerCOM/CheerComCaluculatorApp/CheerComCaluculatorApp/Managers/PoseStorageManager.swift:52:36: error: cannot find type 'SavedPose' in scope
    private func persist(_ poses: [SavedPose]) {
                                   ^~~~~~~~~
/Users/ianrichardson/Projects/CheerCOM/CheerComCaluculatorApp/CheerComCaluculatorApp/Views/JointControlPanel.swift:24:9: error: property 'axis' with type 'JointAxis' cannot override a property with type 'NSLayoutConstraint.Axis'
    let axis: JointAxis
        ^
/Applications/Xcode.app/Contents/Developer/Platforms/iPhoneSimulator.platform/Developer/SDKs/iPhoneSimulator26.4.sdk/System/Library/Frameworks/UIKit.framework/Headers/UIStackView.h:167:45: note: attempt to override property here
@property(nonatomic) UILayoutConstraintAxis axis;
                                            ^
/Users/ianrichardson/Projects/CheerCOM/CheerComCaluculatorApp/CheerComCaluculatorApp/Views/JointControlPanel.swift:24:9: error: property 'axis' with type 'JointAxis' cannot override a property with type 'NSLayoutConstraint.Axis'
    let axis: JointAxis
        ^
/Applications/Xcode.app/Contents/Developer/Platforms/iPhoneSimulator.platform/Developer/SDKs/iPhoneSimulator26.4.sdk/System/Library/Frameworks/UIKit.framework/Headers/UIStackView.h:167:45: note: attempt to override property here
@property(nonatomic) UILayoutConstraintAxis axis;
                                            ^
/Users/ianrichardson/Projects/CheerCOM/CheerComCaluculatorApp/CheerComCaluculatorApp/Views/PoseLibraryPanel.swift:7:37: error: cannot find type 'SavedPose' in scope
    func didSelectSavedPose(_ pose: SavedPose)
                                    ^~~~~~~~~
/Users/ianrichardson/Projects/CheerCOM/CheerComCaluculatorApp/CheerComCaluculatorApp/Views/PoseLibraryPanel.swift:8:37: error: cannot find type 'SavedPose' in scope
    func didDeleteSavedPose(_ pose: SavedPose)
                                    ^~~~~~~~~
/Users/ianrichardson/Projects/CheerCOM/CheerComCaluculatorApp/CheerComCaluculatorApp/Views/PoseLibraryPanel.swift:271:46: error: cannot find type 'SavedPose' in scope
    private func createSavedPoseButton(pose: SavedPose, x: CGFloat, y: CGFloat, buttonSize: CGFloat) -> UIView {
                                             ^~~~~~~~~
/Users/ianrichardson/Projects/CheerCOM/CheerComCaluculatorApp/CheerComCaluculatorApp/SceneViewController.swift:966:37: error: cannot find type 'SavedPose' in scope
    func didSelectSavedPose(_ pose: SavedPose) {
                                    ^~~~~~~~~
/Users/ianrichardson/Projects/CheerCOM/CheerComCaluculatorApp/CheerComCaluculatorApp/SceneViewController.swift:971:37: error: cannot find type 'SavedPose' in scope
    func didDeleteSavedPose(_ pose: SavedPose) {
                                    ^~~~~~~~~
/Users/ianrichardson/Projects/CheerCOM/CheerComCaluculatorApp/CheerComCaluculatorApp/SceneViewController.swift:1085:41: error: cannot find type 'SavedPose' in scope
    private func applySavedPose(_ pose: SavedPose) {
                                        ^~~~~~~~~

SwiftCompile normal arm64 Compiling\ CameraManager.swift /Users/ianrichardson/Projects/CheerCOM/CheerComCaluculatorApp/CheerComCaluculatorApp/Managers/CameraManager.swift (in target 'CheerComCaluculatorApp' from project 'CheerComCaluculatorApp')

SwiftCompile normal arm64 /Users/ianrichardson/Projects/CheerCOM/CheerComCaluculatorApp/CheerComCaluculatorApp/Managers/CameraManager.swift (in target 'CheerComCaluculatorApp' from project 'CheerComCaluculatorApp')
    cd /Users/ianrichardson/Projects/CheerCOM/CheerComCaluculatorApp
    

SwiftCompile normal x86_64 Compiling\ GeneratedAssetSymbols.swift /Users/ianrichardson/Library/Developer/Xcode/DerivedData/CheerComCaluculatorApp-biiqbudqzpcsjecvrroiumyrfbwm/Build/Intermediates.noindex/CheerComCaluculatorApp.build/Debug-iphonesimulator/CheerComCaluculatorApp.build/DerivedSources/GeneratedAssetSymbols.swift (in target 'CheerComCaluculatorApp' from project 'CheerComCaluculatorApp')

SwiftCompile normal x86_64 /Users/ianrichardson/Library/Developer/Xcode/DerivedData/CheerComCaluculatorApp-biiqbudqzpcsjecvrroiumyrfbwm/Build/Intermediates.noindex/CheerComCaluculatorApp.build/Debug-iphonesimulator/CheerComCaluculatorApp.build/DerivedSources/GeneratedAssetSymbols.swift (in target 'CheerComCaluculatorApp' from project 'CheerComCaluculatorApp')
    cd /Users/ianrichardson/Projects/CheerCOM/CheerComCaluculatorApp
    

SwiftCompile normal arm64 Compiling\ CheerCOMSceneManager.swift /Users/ianrichardson/Projects/CheerCOM/CheerComCaluculatorApp/CheerComCaluculatorApp/Managers/CheerCOMSceneManager.swift (in target 'CheerComCaluculatorApp' from project 'CheerComCaluculatorApp')

SwiftCompile normal arm64 /Users/ianrichardson/Projects/CheerCOM/CheerComCaluculatorApp/CheerComCaluculatorApp/Managers/CheerCOMSceneManager.swift (in target 'CheerComCaluculatorApp' from project 'CheerComCaluculatorApp')
    cd /Users/ianrichardson/Projects/CheerCOM/CheerComCaluculatorApp
    

SwiftCompile normal x86_64 Compiling\ COMCalculator.swift /Users/ianrichardson/Projects/CheerCOM/CheerComCaluculatorApp/CheerComCaluculatorApp/COMCalculator.swift (in target 'CheerComCaluculatorApp' from project 'CheerComCaluculatorApp')

SwiftCompile normal x86_64 /Users/ianrichardson/Projects/CheerCOM/CheerComCaluculatorApp/CheerComCaluculatorApp/COMCalculator.swift (in target 'CheerComCaluculatorApp' from project 'CheerComCaluculatorApp')
    cd /Users/ianrichardson/Projects/CheerCOM/CheerComCaluculatorApp
    

SwiftEmitModule normal arm64 Emitting\ module\ for\ CheerComCaluculatorApp (in target 'CheerComCaluculatorApp' from project 'CheerComCaluculatorApp')

EmitSwiftModule normal arm64 (in target 'CheerComCaluculatorApp' from project 'CheerComCaluculatorApp')
    cd /Users/ianrichardson/Projects/CheerCOM/CheerComCaluculatorApp
    

SwiftCompile normal arm64 Compiling\ PoseLibraryPanel.swift /Users/ianrichardson/Projects/CheerCOM/CheerComCaluculatorApp/CheerComCaluculatorApp/Views/PoseLibraryPanel.swift (in target 'CheerComCaluculatorApp' from project 'CheerComCaluculatorApp')

